../MCAL/CAN/CAN.c:43:21:Can_enuInit	24	static
../MCAL/CAN/CAN.c:102:21:Can_enuResetMasterSW	16	static
../MCAL/CAN/CAN.c:114:21:Can_enuIsNodeCurrentlyTransmitter	24	static
../MCAL/CAN/CAN.c:125:21:Can_enuIsNodeCurrentlyReceiver	24	static
../MCAL/CAN/CAN.c:138:21:Can_enuGetActualValueOfCanRxPin	24	static
../MCAL/CAN/CAN.c:151:21:Can_enuGetCurrentReceivedBitValue	24	static
../MCAL/CAN/CAN.c:165:21:Can_enuIsTxMailBoxLowestPriority	24	static
../MCAL/CAN/CAN.c:182:21:Can_enuAbortTransmitInMailBox_x	24	static
../MCAL/CAN/CAN.c:191:21:Can_enuTransmitMessage_CheckOneTime	24	static
../MCAL/CAN/CAN.c:243:21:Can_enuTransmitMessage_MustSend	24	static
../MCAL/CAN/CAN.c:304:21:Can_enuTransmitMessage_MustSendWithTimeOut	24	static
../MCAL/CAN/CAN.c:398:21:Can_enuGetTEC_TransimissionErrorCounter	24	static
../MCAL/CAN/CAN.c:410:21:Can_enuGetREC_ReceiveErrorCounter	24	static
../MCAL/CAN/CAN.c:422:21:Can_enuGetErrorWarningFlag_TEC_OR_REC_GREATER_THAN_95	24	static
../MCAL/CAN/CAN.c:433:21:Can_enuGetErrorPassiveFlag_TEC_OR_REC_GREATER_THAN_127	24	static
../MCAL/CAN/CAN.c:445:21:Can_enuIsNodeInBusOffMode	24	static
../MCAL/CAN/CAN.c:457:21:Can_enuConfigFilterx	24	static
../MCAL/CAN/CAN.c:505:21:Can_enuReceiveMessageBothFifo_CheckOneTime	32	static
../MCAL/CAN/CAN.c:521:21:Can_enuReceiveMessageFifox_CheckOneTime	32	static
../MCAL/CAN/CAN.c:574:21:Can_enuReceiveMessageFifox_MustReceive	32	static,ignoring_inline_asm
../MCAL/CAN/CAN.c:624:21:Can_enuReceiveMessageFifox_MustReceiveWithTimeOut	32	static
../MCAL/CAN/CAN.c:685:28:enuFiltersInit	16	static
