Archive member included to satisfy reference by file (symbol)

/opt/st/stm32cubeide_1.13.2_2/plugins/com.st.stm32cube.ide.mcu.externaltools.gnu-tools-for-stm32.11.3.rel1.linux64_1.1.1.202309131626/tools/bin/../lib/gcc/arm-none-eabi/11.3.1/../../../../arm-none-eabi/lib/thumb/v7e-m+fp/hard/libc_nano.a(libc_a-exit.o)
                              /opt/st/stm32cubeide_1.13.2_2/plugins/com.st.stm32cube.ide.mcu.externaltools.gnu-tools-for-stm32.11.3.rel1.linux64_1.1.1.202309131626/tools/bin/../lib/gcc/arm-none-eabi/11.3.1/../../../../arm-none-eabi/lib/thumb/v7e-m+fp/hard/crt0.o (exit)
/opt/st/stm32cubeide_1.13.2_2/plugins/com.st.stm32cube.ide.mcu.externaltools.gnu-tools-for-stm32.11.3.rel1.linux64_1.1.1.202309131626/tools/bin/../lib/gcc/arm-none-eabi/11.3.1/../../../../arm-none-eabi/lib/thumb/v7e-m+fp/hard/libc_nano.a(libc_a-findfp.o)
                              /opt/st/stm32cubeide_1.13.2_2/plugins/com.st.stm32cube.ide.mcu.externaltools.gnu-tools-for-stm32.11.3.rel1.linux64_1.1.1.202309131626/tools/bin/../lib/gcc/arm-none-eabi/11.3.1/../../../../arm-none-eabi/lib/thumb/v7e-m+fp/hard/libc_nano.a(libc_a-exit.o) (__stdio_exit_handler)
/opt/st/stm32cubeide_1.13.2_2/plugins/com.st.stm32cube.ide.mcu.externaltools.gnu-tools-for-stm32.11.3.rel1.linux64_1.1.1.202309131626/tools/bin/../lib/gcc/arm-none-eabi/11.3.1/../../../../arm-none-eabi/lib/thumb/v7e-m+fp/hard/libc_nano.a(libc_a-fwalk.o)
                              /opt/st/stm32cubeide_1.13.2_2/plugins/com.st.stm32cube.ide.mcu.externaltools.gnu-tools-for-stm32.11.3.rel1.linux64_1.1.1.202309131626/tools/bin/../lib/gcc/arm-none-eabi/11.3.1/../../../../arm-none-eabi/lib/thumb/v7e-m+fp/hard/libc_nano.a(libc_a-findfp.o) (_fwalk_sglue)
/opt/st/stm32cubeide_1.13.2_2/plugins/com.st.stm32cube.ide.mcu.externaltools.gnu-tools-for-stm32.11.3.rel1.linux64_1.1.1.202309131626/tools/bin/../lib/gcc/arm-none-eabi/11.3.1/../../../../arm-none-eabi/lib/thumb/v7e-m+fp/hard/libc_nano.a(libc_a-sprintf.o)
                              ./SERVICES/calculation_functions.o (sprintf)
/opt/st/stm32cubeide_1.13.2_2/plugins/com.st.stm32cube.ide.mcu.externaltools.gnu-tools-for-stm32.11.3.rel1.linux64_1.1.1.202309131626/tools/bin/../lib/gcc/arm-none-eabi/11.3.1/../../../../arm-none-eabi/lib/thumb/v7e-m+fp/hard/libc_nano.a(libc_a-stdio.o)
                              /opt/st/stm32cubeide_1.13.2_2/plugins/com.st.stm32cube.ide.mcu.externaltools.gnu-tools-for-stm32.11.3.rel1.linux64_1.1.1.202309131626/tools/bin/../lib/gcc/arm-none-eabi/11.3.1/../../../../arm-none-eabi/lib/thumb/v7e-m+fp/hard/libc_nano.a(libc_a-findfp.o) (__sread)
/opt/st/stm32cubeide_1.13.2_2/plugins/com.st.stm32cube.ide.mcu.externaltools.gnu-tools-for-stm32.11.3.rel1.linux64_1.1.1.202309131626/tools/bin/../lib/gcc/arm-none-eabi/11.3.1/../../../../arm-none-eabi/lib/thumb/v7e-m+fp/hard/libc_nano.a(libc_a-memset.o)
                              /opt/st/stm32cubeide_1.13.2_2/plugins/com.st.stm32cube.ide.mcu.externaltools.gnu-tools-for-stm32.11.3.rel1.linux64_1.1.1.202309131626/tools/bin/../lib/gcc/arm-none-eabi/11.3.1/../../../../arm-none-eabi/lib/thumb/v7e-m+fp/hard/crt0.o (memset)
/opt/st/stm32cubeide_1.13.2_2/plugins/com.st.stm32cube.ide.mcu.externaltools.gnu-tools-for-stm32.11.3.rel1.linux64_1.1.1.202309131626/tools/bin/../lib/gcc/arm-none-eabi/11.3.1/../../../../arm-none-eabi/lib/thumb/v7e-m+fp/hard/libc_nano.a(libc_a-closer.o)
                              /opt/st/stm32cubeide_1.13.2_2/plugins/com.st.stm32cube.ide.mcu.externaltools.gnu-tools-for-stm32.11.3.rel1.linux64_1.1.1.202309131626/tools/bin/../lib/gcc/arm-none-eabi/11.3.1/../../../../arm-none-eabi/lib/thumb/v7e-m+fp/hard/libc_nano.a(libc_a-stdio.o) (_close_r)
/opt/st/stm32cubeide_1.13.2_2/plugins/com.st.stm32cube.ide.mcu.externaltools.gnu-tools-for-stm32.11.3.rel1.linux64_1.1.1.202309131626/tools/bin/../lib/gcc/arm-none-eabi/11.3.1/../../../../arm-none-eabi/lib/thumb/v7e-m+fp/hard/libc_nano.a(libc_a-reent.o)
                              /opt/st/stm32cubeide_1.13.2_2/plugins/com.st.stm32cube.ide.mcu.externaltools.gnu-tools-for-stm32.11.3.rel1.linux64_1.1.1.202309131626/tools/bin/../lib/gcc/arm-none-eabi/11.3.1/../../../../arm-none-eabi/lib/thumb/v7e-m+fp/hard/libc_nano.a(libc_a-closer.o) (errno)
/opt/st/stm32cubeide_1.13.2_2/plugins/com.st.stm32cube.ide.mcu.externaltools.gnu-tools-for-stm32.11.3.rel1.linux64_1.1.1.202309131626/tools/bin/../lib/gcc/arm-none-eabi/11.3.1/../../../../arm-none-eabi/lib/thumb/v7e-m+fp/hard/libc_nano.a(libc_a-impure.o)
                              /opt/st/stm32cubeide_1.13.2_2/plugins/com.st.stm32cube.ide.mcu.externaltools.gnu-tools-for-stm32.11.3.rel1.linux64_1.1.1.202309131626/tools/bin/../lib/gcc/arm-none-eabi/11.3.1/../../../../arm-none-eabi/lib/thumb/v7e-m+fp/hard/libc_nano.a(libc_a-sprintf.o) (_impure_ptr)
[...]
Memory Configuration

Name             Origin             Length             Attributes
CCMRAM           0x0000000010000000 0x0000000000010000 xrw
RAM              0x0000000020000000 0x0000000000030000 xrw
FLASH            0x0000000008000000 0x0000000000200000 xr
*default*        0x0000000000000000 0xffffffffffffffff

Linker script and memory map

LOAD /opt/st/stm32cubeide_1.13.2_2/plugins/com.st.stm32cube.ide.mcu.externaltools.gnu-tools-for-stm32.11.3.rel1.linux64_1.1.1.202309131626/tools/bin/../lib/gcc/arm-none-eabi/11.3.1/thumb/v7e-m+fp/hard/crti.o
LOAD /opt/st/stm32cubeide_1.13.2_2/plugins/com.st.stm32cube.ide.mcu.externaltools.gnu-tools-for-stm32.11.3.rel1.linux64_1.1.1.202309131626/tools/bin/../lib/gcc/arm-none-eabi/11.3.1/thumb/v7e-m+fp/hard/crtbegin.o
LOAD /opt/st/stm32cubeide_1.13.2_2/plugins/com.st.stm32cube.ide.mcu.externaltools.gnu-tools-for-stm32.11.3.rel1.linux64_1.1.1.202309131626/tools/bin/../lib/gcc/arm-none-eabi/11.3.1/../../../../arm-none-eabi/lib/thumb/v7e-m+fp/hard/crt0.o
LOAD ./APP/main.o
LOAD ./APP/syscalls.o
LOAD ./APP/sysmem.o
LOAD ./ECUL/LCD/LCD.o
LOAD ./ECUL/LCD/LCD_config.o
LOAD ./MCAL/CAN/CAN.o
LOAD ./MCAL/CAN/CAN_config.o
LOAD ./MCAL/FLASH_DRIVER/FLASH_DRIVER.o
LOAD ./MCAL/FLASH_DRIVER/FLASH_DRIVER_config.o
LOAD ./MCAL/GPIO/GPIO.o
LOAD ./MCAL/NVIC/NVIC.o
LOAD ./MCAL/RCC/RCC.o
LOAD ./MCAL/RCC/RCC_config.o
LOAD ./MCAL/SCB/SCB.o
LOAD ./MCAL/SYSTICK/SYSTICK.o
LOAD ./MCAL/UART/USART.o
LOAD ./MCAL/UART/USART_config.o
LOAD ./SERVICES/calculation_functions.o
LOAD ./Startup/startup_stm32f429zitx.o
START GROUP
LOAD /opt/st/stm32cubeide_1.13.2_2/plugins/com.st.stm32cube.ide.mcu.externaltools.gnu-tools-for-stm32.11.3.rel1.linux64_1.1.1.202309131626/tools/bin/../lib/gcc/arm-none-eabi/11.3.1/../../../../arm-none-eabi/lib/thumb/v7e-m+fp/hard/libc_nano.a
LOAD /opt/st/stm32cubeide_1.13.2_2/plugins/com.st.stm32cube.ide.mcu.externaltools.gnu-tools-for-stm32.11.3.rel1.linux64_1.1.1.202309131626/tools/bin/../lib/gcc/arm-none-eabi/11.3.1/../../../../arm-none-eabi/lib/thumb/v7e-m+fp/hard/libm.a
END GROUP
START GROUP
LOAD /opt/st/stm32cubeide_1.13.2_2/plugins/com.st.stm32cube.ide.mcu.externaltools.gnu-tools-for-stm32.11.3.rel1.linux64_1.1.1.202309131626/tools/bin/../lib/gcc/arm-none-eabi/11.3.1/thumb/v7e-m+fp/hard/libgcc.a
LOAD /opt/st/stm32cubeide_1.13.2_2/plugins/com.st.stm32cube.ide.mcu.externaltools.gnu-tools-for-stm32.11.3.rel1.linux64_1.1.1.202309131626/tools/bin/../lib/gcc/arm-none-eabi/11.3.1/../../../../arm-none-eabi/lib/thumb/v7e-m+fp/hard/libc_nano.a
END GROUP
START GROUP
LOAD /opt/st/stm32cubeide_1.13.2_2/plugins/com.st.stm32cube.ide.mcu.externaltools.gnu-tools-for-stm32.11.3.rel1.linux64_1.1.1.202309131626/tools/bin/../lib/gcc/arm-none-eabi/11.3.1/thumb/v7e-m+fp/hard/libgcc.a
LOAD /opt/st/stm32cubeide_1.13.2_2/plugins/com.st.stm32cube.ide.mcu.externaltools.gnu-tools-for-stm32.11.3.rel1.linux64_1.1.1.202309131626/tools/bin/../lib/gcc/arm-none-eabi/11.3.1/../../../../arm-none-eabi/lib/thumb/v7e-m+fp/hard/libc_nano.a
LOAD /opt/st/stm32cubeide_1.13.2_2/plugins/com.st.stm32cube.ide.mcu.externaltools.gnu-tools-for-stm32.11.3.rel1.linux64_1.1.1.202309131626/tools/bin/../lib/gcc/arm-none-eabi/11.3.1/../../../../arm-none-eabi/lib/thumb/v7e-m+fp/hard/libnosys.a
END GROUP
START GROUP
LOAD /opt/st/stm32cubeide_1.13.2_2/plugins/com.st.stm32cube.ide.mcu.externaltools.gnu-tools-for-stm32.11.3.rel1.linux64_1.1.1.202309131626/tools/bin/../lib/gcc/arm-none-eabi/11.3.1/thumb/v7e-m+fp/hard/libgcc.a
LOAD /opt/st/stm32cubeide_1.13.2_2/plugins/com.st.stm32cube.ide.mcu.externaltools.gnu-tools-for-stm32.11.3.rel1.linux64_1.1.1.202309131626/tools/bin/../lib/gcc/arm-none-eabi/11.3.1/../../../../arm-none-eabi/lib/thumb/v7e-m+fp/hard/libc_nano.a
LOAD /opt/st/stm32cubeide_1.13.2_2/plugins/com.st.stm32cube.ide.mcu.externaltools.gnu-tools-for-stm32.11.3.rel1.linux64_1.1.1.202309131626/tools/bin/../lib/gcc/arm-none-eabi/11.3.1/../../../../arm-none-eabi/lib/thumb/v7e-m+fp/hard/libnosys.a
END GROUP
LOAD /opt/st/stm32cubeide_1.13.2_2/plugins/com.st.stm32cube.ide.mcu.externaltools.gnu-tools-for-stm32.11.3.rel1.linux64_1.1.1.202309131626/tools/bin/../lib/gcc/arm-none-eabi/11.3.1/thumb/v7e-m+fp/hard/crtend.o
LOAD /opt/st/stm32cubeide_1.13.2_2/plugins/com.st.stm32cube.ide.mcu.externaltools.gnu-tools-for-stm32.11.3.rel1.linux64_1.1.1.202309131626/tools/bin/../lib/gcc/arm-none-eabi/11.3.1/thumb/v7e-m+fp/hard/crtn.o
                0x0000000020030000                _estack = (ORIGIN (RAM) + LENGTH (RAM))
                0x0000000000000200                _Min_Heap_Size = 0x200
                0x0000000000000400                _Min_Stack_Size = 0x400

.isr_vector     0x0000000008000000      0x1ac
                0x0000000008000000                . = ALIGN (0x4)
 *(.isr_vector)
 .isr_vector    0x0000000008000000      0x1ac ./Startup/startup_stm32f429zitx.o
                0x0000000008000000                g_pfnVectors
                0x00000000080001ac                . = ALIGN (0x4)

.text           0x00000000080001ac     0x1660
                0x00000000080001ac                . = ALIGN (0x4)
 *(.text)
 .text          0x00000000080001ac       0x40 /opt/st/stm32cubeide_1.13.2_2/plugins/com.st.stm32cube.ide.mcu.externaltools.gnu-tools-for-stm32.11.3.rel1.linux64_1.1.1.202309131626/tools/bin/../lib/gcc/arm-none-eabi/11.3.1/thumb/v7e-m+fp/hard/crtbegin.o
 .text          0x00000000080001ec       0x30 /opt/st/stm32cubeide_1.13.2_2/plugins/com.st.stm32cube.ide.mcu.externaltools.gnu-tools-for-stm32.11.3.rel1.linux64_1.1.1.202309131626/tools/bin/../lib/gcc/arm-none-eabi/11.3.1/thumb/v7e-m+fp/hard/libgcc.a(_aeabi_uldivmod.o)
                0x00000000080001ec                __aeabi_uldivmod
 .text          0x000000000800021c      0x2c8 /opt/st/stm32cubeide_1.13.2_2/plugins/com.st.stm32cube.ide.mcu.externaltools.gnu-tools-for-stm32.11.3.rel1.linux64_1.1.1.202309131626/tools/bin/../lib/gcc/arm-none-eabi/11.3.1/thumb/v7e-m+fp/hard/libgcc.a(_udivmoddi4.o)
                0x000000000800021c                __udivmoddi4
 .text          0x00000000080004e4        0x4 /opt/st/stm32cubeide_1.13.2_2/plugins/com.st.stm32cube.ide.mcu.externaltools.gnu-tools-for-stm32.11.3.rel1.linux64_1.1.1.202309131626/tools/bin/../lib/gcc/arm-none-eabi/11.3.1/thumb/v7e-m+fp/hard/libgcc.a(_dvmd_tls.o)
                0x00000000080004e4                __aeabi_ldiv0
                0x00000000080004e4                __aeabi_idiv0
 *(.text*)
 .text.Can_Isr  0x00000000080004e8       0x1a ./APP/main.o
                0x00000000080004e8                Can_Isr
 *fill*         0x0000000008000502        0x2 
 .text.main     0x0000000008000504       0x50 ./APP/main.o
                0x0000000008000504                main
 .text.Can_enuInit
                0x0000000008000554      0x150 ./MCAL/CAN/CAN.o
                0x0000000008000554                Can_enuInit
 .text.Can_enuEnableRxInterruptFifox
                0x00000000080006a4       0x48 ./MCAL/CAN/CAN.o
                0x00000000080006a4                Can_enuEnableRxInterruptFifox
 .text.Can_enuSetCallbackRxFunctionFifox
                0x00000000080006ec       0x38 ./MCAL/CAN/CAN.o
                0x00000000080006ec                Can_enuSetCallbackRxFunctionFifox
 .text.enuFiltersInit
                0x0000000008000724      0x238 ./MCAL/CAN/CAN.o
 .text.CAN1_RX0_IRQHandler
                0x000000000800095c       0xa4 ./MCAL/CAN/CAN.o
                0x000000000800095c                CAN1_RX0_IRQHandler
 .text.FLASH_IRQHandler
                0x0000000008000a00      0x100 ./MCAL/FLASH_DRIVER/FLASH_DRIVER.o
                0x0000000008000a00                FLASH_IRQHandler
 .text.Gpio_enuInit
                0x0000000008000b00      0x158 ./MCAL/GPIO/GPIO.o
                0x0000000008000b00                Gpio_enuInit
 .text.Gpio_enuSetAF
                0x0000000008000c58       0xbc ./MCAL/GPIO/GPIO.o
                0x0000000008000c58                Gpio_enuSetAF
 .text.Gpio_enuEnableClockAllGPIOs
                0x0000000008000d14       0x78 ./MCAL/GPIO/GPIO.o
                0x0000000008000d14                Gpio_enuEnableClockAllGPIOs
 .text.Nvic_enuEnableInterrupt
                0x0000000008000d8c       0x50 ./MCAL/NVIC/NVIC.o
                0x0000000008000d8c                Nvic_enuEnableInterrupt
 .text.Rcc_enuEnableClock
                0x0000000008000ddc      0x13c ./MCAL/RCC/RCC.o
                0x0000000008000ddc                Rcc_enuEnableClock
 .text.Rcc_enuDisableClock
                0x0000000008000f18       0x8c ./MCAL/RCC/RCC.o
                0x0000000008000f18                Rcc_enuDisableClock
 .text.Rcc_enuConfigPLL
                0x0000000008000fa4      0x18c ./MCAL/RCC/RCC.o
                0x0000000008000fa4                Rcc_enuConfigPLL
 .text.Rcc_enuSelectAPB2Prescaler
                0x0000000008001130       0x5c ./MCAL/RCC/RCC.o
                0x0000000008001130                Rcc_enuSelectAPB2Prescaler
 .text.Rcc_enuSelectAPB1Prescaler
                0x000000000800118c       0x60 ./MCAL/RCC/RCC.o
                0x000000000800118c                Rcc_enuSelectAPB1Prescaler
 .text.Rcc_enuSelectAHBPrescaler
                0x00000000080011ec       0x54 ./MCAL/RCC/RCC.o
                0x00000000080011ec                Rcc_enuSelectAHBPrescaler
 .text.Rcc_enuSelectSystemClkSource
                0x0000000008001240       0xa8 ./MCAL/RCC/RCC.o
                0x0000000008001240                Rcc_enuSelectSystemClkSource
 .text.Rcc_enuEnablePeripheralClk
                0x00000000080012e8       0x64 ./MCAL/RCC/RCC.o
                0x00000000080012e8                Rcc_enuEnablePeripheralClk
 .text.Rcc_enuConfigPLLI2S
                0x000000000800134c       0x90 ./MCAL/RCC/RCC.o
                0x000000000800134c                Rcc_enuConfigPLLI2S
 .text.Rcc_enuConfigPLLSAI
                0x00000000080013dc      0x108 ./MCAL/RCC/RCC.o
                0x00000000080013dc                Rcc_enuConfigPLLSAI
 .text.Rcc_enuInit
                0x00000000080014e4      0x15a ./MCAL/RCC/RCC.o
                0x00000000080014e4                Rcc_enuInit
 *fill*         0x000000000800163e        0x2 
 .text.Scb_enuSetGroupPrioirty
                0x0000000008001640       0x40 ./MCAL/SCB/SCB.o
                0x0000000008001640                Scb_enuSetGroupPrioirty
 .text.SysTick_Handler
                0x0000000008001680       0x44 ./MCAL/SYSTICK/SYSTICK.o
                0x0000000008001680                SysTick_Handler
 .text.USART1_IRQHandler
                0x00000000080016c4       0x94 ./MCAL/UART/USART.o
                0x00000000080016c4                USART1_IRQHandler
 .text.Reset_Handler
                0x0000000008001758       0x50 ./Startup/startup_stm32f429zitx.o
                0x0000000008001758                Reset_Handler
 .text.Default_Handler
                0x00000000080017a8        0x2 ./Startup/startup_stm32f429zitx.o
                0x00000000080017a8                RTC_Alarm_IRQHandler
                0x00000000080017a8                HASH_RNG_IRQHandler
                0x00000000080017a8                EXTI2_IRQHandler
                0x00000000080017a8                TIM8_CC_IRQHandler
                0x00000000080017a8                DebugMon_Handler
                0x00000000080017a8                UART8_IRQHandler
                0x00000000080017a8                SPI4_IRQHandler
                0x00000000080017a8                TIM1_CC_IRQHandler
                0x00000000080017a8                DMA2_Stream5_IRQHandler
                0x00000000080017a8                HardFault_Handler
                0x00000000080017a8                DMA1_Stream5_IRQHandler
                0x00000000080017a8                PVD_IRQHandler
                0x00000000080017a8                SDIO_IRQHandler
                0x00000000080017a8                TAMP_STAMP_IRQHandler
                0x00000000080017a8                PendSV_Handler
                0x00000000080017a8                NMI_Handler
                0x00000000080017a8                CAN2_RX1_IRQHandler
                0x00000000080017a8                EXTI3_IRQHandler
                0x00000000080017a8                TIM8_TRG_COM_TIM14_IRQHandler
                0x00000000080017a8                TIM1_UP_TIM10_IRQHandler
                0x00000000080017a8                TIM8_UP_TIM13_IRQHandler
                0x00000000080017a8                I2C3_ER_IRQHandler
                0x00000000080017a8                LCD_TFT_IRQHandler
                0x00000000080017a8                EXTI0_IRQHandler
                0x00000000080017a8                I2C2_EV_IRQHandler
                0x00000000080017a8                DMA1_Stream2_IRQHandler
                0x00000000080017a8                FPU_IRQHandler
                0x00000000080017a8                OTG_HS_WKUP_IRQHandler
                0x00000000080017a8                UsageFault_Handler
                0x00000000080017a8                CAN2_SCE_IRQHandler
                0x00000000080017a8                DMA2_Stream2_IRQHandler
                0x00000000080017a8                SPI1_IRQHandler
                0x00000000080017a8                TIM6_DAC_IRQHandler
                0x00000000080017a8                TIM1_BRK_TIM9_IRQHandler
                0x00000000080017a8                DCMI_IRQHandler
                0x00000000080017a8                CAN2_RX0_IRQHandler
                0x00000000080017a8                DMA2_Stream3_IRQHandler
                0x00000000080017a8                USART6_IRQHandler
                0x00000000080017a8                USART3_IRQHandler
                0x00000000080017a8                CRYP_IRQHandler
                0x00000000080017a8                CAN1_RX1_IRQHandler
                0x00000000080017a8                UART5_IRQHandler
                0x00000000080017a8                DMA2_Stream0_IRQHandler
                0x00000000080017a8                TIM4_IRQHandler
                0x00000000080017a8                I2C1_EV_IRQHandler
                0x00000000080017a8                DMA1_Stream6_IRQHandler
                0x00000000080017a8                DMA1_Stream1_IRQHandler
                0x00000000080017a8                UART4_IRQHandler
                0x00000000080017a8                LCD_TFT_1_IRQHandler
                0x00000000080017a8                TIM3_IRQHandler
                0x00000000080017a8                RCC_IRQHandler
                0x00000000080017a8                TIM8_BRK_TIM12_IRQHandler
                0x00000000080017a8                Default_Handler
                0x00000000080017a8                EXTI15_10_IRQHandler
                0x00000000080017a8                ADC_IRQHandler
                0x00000000080017a8                DMA1_Stream7_IRQHandler
                0x00000000080017a8                SPI5_IRQHandler
                0x00000000080017a8                TIM7_IRQHandler
                0x00000000080017a8                CAN2_TX_IRQHandler
                0x00000000080017a8                TIM5_IRQHandler
                0x00000000080017a8                DMA2_Stream7_IRQHandler
                0x00000000080017a8                I2C3_EV_IRQHandler
                0x00000000080017a8                EXTI9_5_IRQHandler
                0x00000000080017a8                RTC_WKUP_IRQHandler
                0x00000000080017a8                ETH_WKUP_IRQHandler
                0x00000000080017a8                SPI2_IRQHandler
                0x00000000080017a8                OTG_HS_EP1_IN_IRQHandler
                0x00000000080017a8                MemManage_Handler
                0x00000000080017a8                DMA1_Stream0_IRQHandler
                0x00000000080017a8                CAN1_TX_IRQHandler
                0x00000000080017a8                SVC_Handler
                0x00000000080017a8                EXTI4_IRQHandler
                0x00000000080017a8                ETH_IRQHandler
                0x00000000080017a8                OTG_HS_EP1_OUT_IRQHandler
                0x00000000080017a8                WWDG_IRQHandler
                0x00000000080017a8                SPI6_IRQHandler
                0x00000000080017a8                TIM2_IRQHandler
                0x00000000080017a8                OTG_FS_WKUP_IRQHandler
                0x00000000080017a8                TIM1_TRG_COM_TIM11_IRQHandler
                0x00000000080017a8                OTG_HS_IRQHandler
                0x00000000080017a8                DMA2D_IRQHandler
                0x00000000080017a8                EXTI1_IRQHandler
                0x00000000080017a8                UART7_IRQHandler
                0x00000000080017a8                USART2_IRQHandler
                0x00000000080017a8                I2C2_ER_IRQHandler
                0x00000000080017a8                DMA2_Stream1_IRQHandler
                0x00000000080017a8                CAN1_SCE_IRQHandler
                0x00000000080017a8                DMA2_Stream4_IRQHandler
                0x00000000080017a8                BusFault_Handler
                0x00000000080017a8                OTG_FS_IRQHandler
                0x00000000080017a8                SPI3_IRQHandler
                0x00000000080017a8                DMA1_Stream4_IRQHandler
                0x00000000080017a8                I2C1_ER_IRQHandler
                0x00000000080017a8                FMC_IRQHandler
                0x00000000080017a8                DMA2_Stream6_IRQHandler
                0x00000000080017a8                SAI1_IRQHandler
                0x00000000080017a8                DMA1_Stream3_IRQHandler
 *fill*         0x00000000080017aa        0x2 
 .text.__libc_init_array
                0x00000000080017ac       0x48 /opt/st/stm32cubeide_1.13.2_2/plugins/com.st.stm32cube.ide.mcu.externaltools.gnu-tools-for-stm32.11.3.rel1.linux64_1.1.1.202309131626/tools/bin/../lib/gcc/arm-none-eabi/11.3.1/../../../../arm-none-eabi/lib/thumb/v7e-m+fp/hard/libc_nano.a(libc_a-init.o)
                0x00000000080017ac                __libc_init_array
 *(.glue_7)
 .glue_7        0x00000000080017f4        0x0 linker stubs
 *(.glue_7t)
 .glue_7t       0x00000000080017f4        0x0 linker stubs
 *(.eh_frame)
 .eh_frame      0x00000000080017f4        0x0 /opt/st/stm32cubeide_1.13.2_2/plugins/com.st.stm32cube.ide.mcu.externaltools.gnu-tools-for-stm32.11.3.rel1.linux64_1.1.1.202309131626/tools/bin/../lib/gcc/arm-none-eabi/11.3.1/thumb/v7e-m+fp/hard/crtbegin.o
 *(.init)
 .init          0x00000000080017f4        0x4 /opt/st/stm32cubeide_1.13.2_2/plugins/com.st.stm32cube.ide.mcu.externaltools.gnu-tools-for-stm32.11.3.rel1.linux64_1.1.1.202309131626/tools/bin/../lib/gcc/arm-none-eabi/11.3.1/thumb/v7e-m+fp/hard/crti.o
                0x00000000080017f4                _init
 .init          0x00000000080017f8        0x8 /opt/st/stm32cubeide_1.13.2_2/plugins/com.st.stm32cube.ide.mcu.externaltools.gnu-tools-for-stm32.11.3.rel1.linux64_1.1.1.202309131626/tools/bin/../lib/gcc/arm-none-eabi/11.3.1/thumb/v7e-m+fp/hard/crtn.o
 *(.fini)
 .fini          0x0000000008001800        0x4 /opt/st/stm32cubeide_1.13.2_2/plugins/com.st.stm32cube.ide.mcu.externaltools.gnu-tools-for-stm32.11.3.rel1.linux64_1.1.1.202309131626/tools/bin/../lib/gcc/arm-none-eabi/11.3.1/thumb/v7e-m+fp/hard/crti.o
                0x0000000008001800                _fini
 .fini          0x0000000008001804        0x8 /opt/st/stm32cubeide_1.13.2_2/plugins/com.st.stm32cube.ide.mcu.externaltools.gnu-tools-for-stm32.11.3.rel1.linux64_1.1.1.202309131626/tools/bin/../lib/gcc/arm-none-eabi/11.3.1/thumb/v7e-m+fp/hard/crtn.o
                0x000000000800180c                . = ALIGN (0x4)
                0x000000000800180c                _etext = .

.vfp11_veneer   0x000000000800180c        0x0
 .vfp11_veneer  0x000000000800180c        0x0 linker stubs

.v4_bx          0x000000000800180c        0x0
 .v4_bx         0x000000000800180c        0x0 linker stubs

.iplt           0x000000000800180c        0x0
 .iplt          0x000000000800180c        0x0 /opt/st/stm32cubeide_1.13.2_2/plugins/com.st.stm32cube.ide.mcu.externaltools.gnu-tools-for-stm32.11.3.rel1.linux64_1.1.1.202309131626/tools/bin/../lib/gcc/arm-none-eabi/11.3.1/thumb/v7e-m+fp/hard/crtbegin.o

.rodata         0x000000000800180c        0x0
                0x000000000800180c                . = ALIGN (0x4)
 *(.rodata)
 *(.rodata*)
                0x000000000800180c                . = ALIGN (0x4)

.ARM.extab      0x000000000800180c        0x0
                0x000000000800180c                . = ALIGN (0x4)
 *(.ARM.extab* .gnu.linkonce.armextab.*)
                0x000000000800180c                . = ALIGN (0x4)

.ARM            0x000000000800180c        0x8
                0x000000000800180c                . = ALIGN (0x4)
                0x000000000800180c                __exidx_start = .
 *(.ARM.exidx*)
 .ARM.exidx     0x000000000800180c        0x8 /opt/st/stm32cubeide_1.13.2_2/plugins/com.st.stm32cube.ide.mcu.externaltools.gnu-tools-for-stm32.11.3.rel1.linux64_1.1.1.202309131626/tools/bin/../lib/gcc/arm-none-eabi/11.3.1/thumb/v7e-m+fp/hard/libgcc.a(_udivmoddi4.o)
                0x0000000008001814                __exidx_end = .
                0x0000000008001814                . = ALIGN (0x4)

.rel.dyn        0x0000000008001814        0x0
 .rel.iplt      0x0000000008001814        0x0 /opt/st/stm32cubeide_1.13.2_2/plugins/com.st.stm32cube.ide.mcu.externaltools.gnu-tools-for-stm32.11.3.rel1.linux64_1.1.1.202309131626/tools/bin/../lib/gcc/arm-none-eabi/11.3.1/thumb/v7e-m+fp/hard/crtbegin.o

.preinit_array  0x0000000008001814        0x0
                0x0000000008001814                . = ALIGN (0x4)
                0x0000000008001814                PROVIDE (__preinit_array_start = .)
 *(.preinit_array*)
                0x0000000008001814                PROVIDE (__preinit_array_end = .)
                0x0000000008001814                . = ALIGN (0x4)

.init_array     0x0000000008001814        0x4
                0x0000000008001814                . = ALIGN (0x4)
                0x0000000008001814                PROVIDE (__init_array_start = .)
 *(SORT_BY_NAME(.init_array.*))
 *(.init_array*)
 .init_array    0x0000000008001814        0x4 /opt/st/stm32cubeide_1.13.2_2/plugins/com.st.stm32cube.ide.mcu.externaltools.gnu-tools-for-stm32.11.3.rel1.linux64_1.1.1.202309131626/tools/bin/../lib/gcc/arm-none-eabi/11.3.1/thumb/v7e-m+fp/hard/crtbegin.o
                0x0000000008001818                PROVIDE (__init_array_end = .)
                0x0000000008001818                . = ALIGN (0x4)

.fini_array     0x0000000008001818        0x4
                0x0000000008001818                . = ALIGN (0x4)
                [!provide]                        PROVIDE (__fini_array_start = .)
 *(SORT_BY_NAME(.fini_array.*))
 *(.fini_array*)
 .fini_array    0x0000000008001818        0x4 /opt/st/stm32cubeide_1.13.2_2/plugins/com.st.stm32cube.ide.mcu.externaltools.gnu-tools-for-stm32.11.3.rel1.linux64_1.1.1.202309131626/tools/bin/../lib/gcc/arm-none-eabi/11.3.1/thumb/v7e-m+fp/hard/crtbegin.o
                [!provide]                        PROVIDE (__fini_array_end = .)
                0x000000000800181c                . = ALIGN (0x4)
                0x000000000800181c                _sidata = LOADADDR (.data)

.data           0x0000000020000000      0x198 load address 0x000000000800181c
                0x0000000020000000                . = ALIGN (0x4)
                0x0000000020000000                _sdata = .
 *(.data)
 *(.data*)
 .data.can1     0x0000000020000000        0xc ./MCAL/CAN/CAN_config.o
                0x0000000020000000                can1
 .data.Global_ModeArr
                0x000000002000000c       0x20 ./MCAL/GPIO/GPIO.o
 .data.Global_OutputTypeArr
                0x000000002000002c       0x20 ./MCAL/GPIO/GPIO.o
 .data.Global_OutputSpeedArr
                0x000000002000004c       0x20 ./MCAL/GPIO/GPIO.o
 .data.Global_PUPDArr
                0x000000002000006c       0x20 ./MCAL/GPIO/GPIO.o
 .data.Global_AFLowArr
                0x000000002000008c       0x20 ./MCAL/GPIO/GPIO.o
 .data.Global_AFHighArr
                0x00000000200000ac       0x20 ./MCAL/GPIO/GPIO.o
 .data.GlobalStatic_NvicIsrEnableArr
                0x00000000200000cc       0x20 ./MCAL/NVIC/NVIC.o
 .data.Global_PeripheralClkRegEnArr
                0x00000000200000ec       0x14 ./MCAL/RCC/RCC.o
 .data.Global_u16AHBPrescalerValuesArr
                0x0000000020000100       0x20 ./MCAL/RCC/RCC.o
 .data.Global_u16APBPrescalerValuesArr
                0x0000000020000120       0x20 ./MCAL/RCC/RCC.o
 .data.Global_u64SystemFreq
                0x0000000020000140        0x8 ./MCAL/RCC/RCC.o
                0x0000000020000140                Global_u64SystemFreq
 .data.Global_u64AHBFreq
                0x0000000020000148        0x8 ./MCAL/RCC/RCC.o
                0x0000000020000148                Global_u64AHBFreq
 .data.Global_u64ABP1Freq
                0x0000000020000150        0x8 ./MCAL/RCC/RCC.o
                0x0000000020000150                Global_u64ABP1Freq
 .data.Global_u64ABP2Freq
                0x0000000020000158        0x8 ./MCAL/RCC/RCC.o
                0x0000000020000158                Global_u64ABP2Freq
 .data.rcc      0x0000000020000160       0x18 ./MCAL/RCC/RCC_config.o
                0x0000000020000160                rcc
 .data.uartArr  0x0000000020000178       0x20 ./MCAL/UART/USART.o
 *(.RamFunc)
 *(.RamFunc*)
                0x0000000020000198                . = ALIGN (0x4)
                0x0000000020000198                _edata = .
                0x00000000080019b4                _siccmram = LOADADDR (.ccmram)

.igot.plt       0x0000000020000198        0x0 load address 0x00000000080019b4
 .igot.plt      0x0000000020000198        0x0 /opt/st/stm32cubeide_1.13.2_2/plugins/com.st.stm32cube.ide.mcu.externaltools.gnu-tools-for-stm32.11.3.rel1.linux64_1.1.1.202309131626/tools/bin/../lib/gcc/arm-none-eabi/11.3.1/thumb/v7e-m+fp/hard/crtbegin.o

.ccmram         0x0000000010000000        0x0 load address 0x00000000080019b4
                0x0000000010000000                . = ALIGN (0x4)
                0x0000000010000000                _sccmram = .
 *(.ccmram)
 *(.ccmram*)
                0x0000000010000000                . = ALIGN (0x4)
                0x0000000010000000                _eccmram = .
                0x0000000010000000                . = ALIGN (0x4)

.bss            0x0000000020000198       0x90
                0x0000000020000198                _sbss = .
                0x0000000020000198                __bss_start__ = _sbss
 *(.bss)
 .bss           0x0000000020000198       0x1c /opt/st/stm32cubeide_1.13.2_2/plugins/com.st.stm32cube.ide.mcu.externaltools.gnu-tools-for-stm32.11.3.rel1.linux64_1.1.1.202309131626/tools/bin/../lib/gcc/arm-none-eabi/11.3.1/thumb/v7e-m+fp/hard/crtbegin.o
 *(.bss*)
 .bss.Can_RxInterruptHandler
                0x00000000200001b4        0x8 ./MCAL/CAN/CAN.o
 .bss.Flash_ErrorInterruptHandler
                0x00000000200001bc       0x10 ./MCAL/FLASH_DRIVER/FLASH_DRIVER.o
 .bss.Flash_EndOfOperationInterruptHandler
                0x00000000200001cc        0x4 ./MCAL/FLASH_DRIVER/FLASH_DRIVER.o
 .bss.Global_u16StaticPLL_M
                0x00000000200001d0        0x2 ./MCAL/RCC/RCC.o
 .bss.Global_u16StaticPLL_N
                0x00000000200001d2        0x2 ./MCAL/RCC/RCC.o
 .bss.Global_u16StaticPLL_P
                0x00000000200001d4        0x2 ./MCAL/RCC/RCC.o
 .bss.Global_u16StaticPLL_Q
                0x00000000200001d6        0x2 ./MCAL/RCC/RCC.o
 .bss.Global_u64StaticPLL_Freq
                0x00000000200001d8        0x8 ./MCAL/RCC/RCC.o
 .bss.Global_GroupPrioritySelection
                0x00000000200001e0        0x1 ./MCAL/SCB/SCB.o
                0x00000000200001e0                Global_GroupPrioritySelection
 .bss.Global_u8TimerTypeFlag
                0x00000000200001e1        0x1 ./MCAL/SYSTICK/SYSTICK.o
 *fill*         0x00000000200001e2        0x2 
 .bss.Systick_OverflowInterruptHandler
                0x00000000200001e4        0x4 ./MCAL/SYSTICK/SYSTICK.o
 .bss.Usart_RxInterruptHandler
                0x00000000200001e8       0x20 ./MCAL/UART/USART.o
 .bss.Usart_TxCompleteInterruptHandler
                0x0000000020000208       0x20 ./MCAL/UART/USART.o
 *(COMMON)
                0x0000000020000228                . = ALIGN (0x4)
                0x0000000020000228                _ebss = .
                0x0000000020000228                __bss_end__ = _ebss

._user_heap_stack
                0x0000000020000228      0x600
                0x0000000020000228                . = ALIGN (0x8)
                [!provide]                        PROVIDE (end = .)
                0x0000000020000228                PROVIDE (_end = .)
                0x0000000020000428                . = (. + _Min_Heap_Size)
 *fill*         0x0000000020000228      0x200 
                0x0000000020000828                . = (. + _Min_Stack_Size)
 *fill*         0x0000000020000428      0x400 
                0x0000000020000828                . = ALIGN (0x8)

/DISCARD/
 libc.a(*)
 libm.a(*)
 libgcc.a(*)

.ARM.attributes
                0x0000000000000000       0x30
 *(.ARM.attributes)
 .ARM.attributes
                0x0000000000000000       0x1e /opt/st/stm32cubeide_1.13.2_2/plugins/com.st.stm32cube.ide.mcu.externaltools.gnu-tools-for-stm32.11.3.rel1.linux64_1.1.1.202309131626/tools/bin/../lib/gcc/arm-none-eabi/11.3.1/thumb/v7e-m+fp/hard/crti.o
 .ARM.attributes
                0x000000000000001e       0x34 /opt/st/stm32cubeide_1.13.2_2/plugins/com.st.stm32cube.ide.mcu.externaltools.gnu-tools-for-stm32.11.3.rel1.linux64_1.1.1.202309131626/tools/bin/../lib/gcc/arm-none-eabi/11.3.1/thumb/v7e-m+fp/hard/crtbegin.o
 .ARM.attributes
                0x0000000000000052       0x34 ./APP/main.o
 .ARM.attributes
                0x0000000000000086       0x34 ./MCAL/CAN/CAN.o
 .ARM.attributes
                0x00000000000000ba       0x34 ./MCAL/CAN/CAN_config.o
 .ARM.attributes
                0x00000000000000ee       0x34 ./MCAL/FLASH_DRIVER/FLASH_DRIVER.o
 .ARM.attributes
                0x0000000000000122       0x34 ./MCAL/GPIO/GPIO.o
 .ARM.attributes
                0x0000000000000156       0x34 ./MCAL/NVIC/NVIC.o
 .ARM.attributes
                0x000000000000018a       0x34 ./MCAL/RCC/RCC.o
 .ARM.attributes
                0x00000000000001be       0x34 ./MCAL/RCC/RCC_config.o
 .ARM.attributes
                0x00000000000001f2       0x34 ./MCAL/SCB/SCB.o
 .ARM.attributes
                0x0000000000000226       0x34 ./MCAL/SYSTICK/SYSTICK.o
 .ARM.attributes
                0x000000000000025a       0x34 ./MCAL/UART/USART.o
 .ARM.attributes
                0x000000000000028e       0x21 ./Startup/startup_stm32f429zitx.o
 .ARM.attributes
                0x00000000000002af       0x34 /opt/st/stm32cubeide_1.13.2_2/plugins/com.st.stm32cube.ide.mcu.externaltools.gnu-tools-for-stm32.11.3.rel1.linux64_1.1.1.202309131626/tools/bin/../lib/gcc/arm-none-eabi/11.3.1/../../../../arm-none-eabi/lib/thumb/v7e-m+fp/hard/libc_nano.a(libc_a-init.o)
 .ARM.attributes
                0x00000000000002e3       0x1e /opt/st/stm32cubeide_1.13.2_2/plugins/com.st.stm32cube.ide.mcu.externaltools.gnu-tools-for-stm32.11.3.rel1.linux64_1.1.1.202309131626/tools/bin/../lib/gcc/arm-none-eabi/11.3.1/thumb/v7e-m+fp/hard/libgcc.a(_aeabi_uldivmod.o)
 .ARM.attributes
                0x0000000000000301       0x34 /opt/st/stm32cubeide_1.13.2_2/plugins/com.st.stm32cube.ide.mcu.externaltools.gnu-tools-for-stm32.11.3.rel1.linux64_1.1.1.202309131626/tools/bin/../lib/gcc/arm-none-eabi/11.3.1/thumb/v7e-m+fp/hard/libgcc.a(_udivmoddi4.o)
 .ARM.attributes
                0x0000000000000335       0x1e /opt/st/stm32cubeide_1.13.2_2/plugins/com.st.stm32cube.ide.mcu.externaltools.gnu-tools-for-stm32.11.3.rel1.linux64_1.1.1.202309131626/tools/bin/../lib/gcc/arm-none-eabi/11.3.1/thumb/v7e-m+fp/hard/libgcc.a(_dvmd_tls.o)
 .ARM.attributes
                0x0000000000000353       0x1e /opt/st/stm32cubeide_1.13.2_2/plugins/com.st.stm32cube.ide.mcu.externaltools.gnu-tools-for-stm32.11.3.rel1.linux64_1.1.1.202309131626/tools/bin/../lib/gcc/arm-none-eabi/11.3.1/thumb/v7e-m+fp/hard/crtn.o
OUTPUT(STM32F429.elf elf32-littlearm)
LOAD linker stubs
LOAD /opt/st/stm32cubeide_1.13.2_2/plugins/com.st.stm32cube.ide.mcu.externaltools.gnu-tools-for-stm32.11.3.rel1.linux64_1.1.1.202309131626/tools/bin/../lib/gcc/arm-none-eabi/11.3.1/../../../../arm-none-eabi/lib/thumb/v7e-m+fp/hard/libc.a
LOAD /opt/st/stm32cubeide_1.13.2_2/plugins/com.st.stm32cube.ide.mcu.externaltools.gnu-tools-for-stm32.11.3.rel1.linux64_1.1.1.202309131626/tools/bin/../lib/gcc/arm-none-eabi/11.3.1/../../../../arm-none-eabi/lib/thumb/v7e-m+fp/hard/libm.a
LOAD /opt/st/stm32cubeide_1.13.2_2/plugins/com.st.stm32cube.ide.mcu.externaltools.gnu-tools-for-stm32.11.3.rel1.linux64_1.1.1.202309131626/tools/bin/../lib/gcc/arm-none-eabi/11.3.1/thumb/v7e-m+fp/hard/libgcc.a

.comment        0x0000000000000000       0x43
 .comment       0x0000000000000000       0x43 /opt/st/stm32cubeide_1.13.2_2/plugins/com.st.stm32cube.ide.mcu.externaltools.gnu-tools-for-stm32.11.3.rel1.linux64_1.1.1.202309131626/tools/bin/../lib/gcc/arm-none-eabi/11.3.1/thumb/v7e-m+fp/hard/crtbegin.o
                                         0x44 (size before relaxing)
 .comment       0x0000000000000043       0x44 ./APP/main.o
 .comment       0x0000000000000043       0x44 ./MCAL/CAN/CAN.o
 .comment       0x0000000000000043       0x44 ./MCAL/CAN/CAN_config.o
 .comment       0x0000000000000043       0x44 ./MCAL/FLASH_DRIVER/FLASH_DRIVER.o
 .comment       0x0000000000000043       0x44 ./MCAL/GPIO/GPIO.o
 .comment       0x0000000000000043       0x44 ./MCAL/NVIC/NVIC.o
 .comment       0x0000000000000043       0x44 ./MCAL/RCC/RCC.o
 .comment       0x0000000000000043       0x44 ./MCAL/RCC/RCC_config.o
 .comment       0x0000000000000043       0x44 ./MCAL/SCB/SCB.o
 .comment       0x0000000000000043       0x44 ./MCAL/SYSTICK/SYSTICK.o
 .comment       0x0000000000000043       0x44 ./MCAL/UART/USART.o

.debug_info     0x0000000000000000     0x6041
 .debug_info    0x0000000000000000      0xe35 ./APP/main.o
 .debug_info    0x0000000000000e35      0xf04 ./MCAL/CAN/CAN.o
 .debug_info    0x0000000000001d39      0x308 ./MCAL/CAN/CAN_config.o
 .debug_info    0x0000000000002041      0x888 ./MCAL/FLASH_DRIVER/FLASH_DRIVER.o
 .debug_info    0x00000000000028c9      0xa95 ./MCAL/GPIO/GPIO.o
 .debug_info    0x000000000000335e      0x6d1 ./MCAL/NVIC/NVIC.o
 .debug_info    0x0000000000003a2f      0xf88 ./MCAL/RCC/RCC.o
 .debug_info    0x00000000000049b7      0x869 ./MCAL/RCC/RCC_config.o
 .debug_info    0x0000000000005220      0x118 ./MCAL/SCB/SCB.o
 .debug_info    0x0000000000005338      0x363 ./MCAL/SYSTICK/SYSTICK.o
 .debug_info    0x000000000000569b      0x983 ./MCAL/UART/USART.o
 .debug_info    0x000000000000601e       0x23 ./Startup/startup_stm32f429zitx.o

.debug_abbrev   0x0000000000000000      0xf37
 .debug_abbrev  0x0000000000000000      0x1a8 ./APP/main.o
 .debug_abbrev  0x00000000000001a8      0x1e7 ./MCAL/CAN/CAN.o
 .debug_abbrev  0x000000000000038f       0xd2 ./MCAL/CAN/CAN_config.o
 .debug_abbrev  0x0000000000000461      0x165 ./MCAL/FLASH_DRIVER/FLASH_DRIVER.o
 .debug_abbrev  0x00000000000005c6      0x1d3 ./MCAL/GPIO/GPIO.o
 .debug_abbrev  0x0000000000000799       0xf1 ./MCAL/NVIC/NVIC.o
 .debug_abbrev  0x000000000000088a      0x1e7 ./MCAL/RCC/RCC.o
 .debug_abbrev  0x0000000000000a71      0x110 ./MCAL/RCC/RCC_config.o
 .debug_abbrev  0x0000000000000b81       0xb1 ./MCAL/SCB/SCB.o
 .debug_abbrev  0x0000000000000c32      0x114 ./MCAL/SYSTICK/SYSTICK.o
 .debug_abbrev  0x0000000000000d46      0x1df ./MCAL/UART/USART.o
 .debug_abbrev  0x0000000000000f25       0x12 ./Startup/startup_stm32f429zitx.o

.debug_aranges  0x0000000000000000      0x598
 .debug_aranges
                0x0000000000000000       0x28 ./APP/main.o
 .debug_aranges
                0x0000000000000028       0xe8 ./MCAL/CAN/CAN.o
 .debug_aranges
                0x0000000000000110       0x18 ./MCAL/CAN/CAN_config.o
 .debug_aranges
                0x0000000000000128      0x148 ./MCAL/FLASH_DRIVER/FLASH_DRIVER.o
 .debug_aranges
                0x0000000000000270       0xb0 ./MCAL/GPIO/GPIO.o
 .debug_aranges
                0x0000000000000320       0x48 ./MCAL/NVIC/NVIC.o
 .debug_aranges
                0x0000000000000368       0xc0 ./MCAL/RCC/RCC.o
 .debug_aranges
                0x0000000000000428       0x18 ./MCAL/RCC/RCC_config.o
 .debug_aranges
                0x0000000000000440       0x20 ./MCAL/SCB/SCB.o
 .debug_aranges
                0x0000000000000460       0x70 ./MCAL/SYSTICK/SYSTICK.o
 .debug_aranges
                0x00000000000004d0       0xa0 ./MCAL/UART/USART.o
 .debug_aranges
                0x0000000000000570       0x28 ./Startup/startup_stm32f429zitx.o

.debug_rnglists
                0x0000000000000000      0x401
 .debug_rnglists
                0x0000000000000000       0x19 ./APP/main.o
 .debug_rnglists
                0x0000000000000019       0xb3 ./MCAL/CAN/CAN.o
 .debug_rnglists
                0x00000000000000cc       0xf5 ./MCAL/FLASH_DRIVER/FLASH_DRIVER.o
 .debug_rnglists
                0x00000000000001c1       0x84 ./MCAL/GPIO/GPIO.o
 .debug_rnglists
                0x0000000000000245       0x32 ./MCAL/NVIC/NVIC.o
 .debug_rnglists
                0x0000000000000277       0x93 ./MCAL/RCC/RCC.o
 .debug_rnglists
                0x000000000000030a       0x13 ./MCAL/SCB/SCB.o
 .debug_rnglists
                0x000000000000031d       0x52 ./MCAL/SYSTICK/SYSTICK.o
 .debug_rnglists
                0x000000000000036f       0x79 ./MCAL/UART/USART.o
 .debug_rnglists
                0x00000000000003e8       0x19 ./Startup/startup_stm32f429zitx.o

.debug_macro    0x0000000000000000     0x2171
 .debug_macro   0x0000000000000000       0xa2 ./APP/main.o
 .debug_macro   0x00000000000000a2      0xab4 ./APP/main.o
 .debug_macro   0x0000000000000b56       0xee ./APP/main.o
 .debug_macro   0x0000000000000c44       0x9a ./APP/main.o
 .debug_macro   0x0000000000000cde       0x22 ./APP/main.o
 .debug_macro   0x0000000000000d00       0x10 ./APP/main.o
 .debug_macro   0x0000000000000d10      0x370 ./APP/main.o
 .debug_macro   0x0000000000001080      0x118 ./APP/main.o
 .debug_macro   0x0000000000001198       0x5b ./MCAL/CAN/CAN.o
 .debug_macro   0x00000000000011f3       0xb8 ./MCAL/CAN/CAN.o
 .debug_macro   0x00000000000012ab      0x223 ./MCAL/CAN/CAN.o
 .debug_macro   0x00000000000014ce       0x5b ./MCAL/CAN/CAN_config.o
 .debug_macro   0x0000000000001529       0x5b ./MCAL/FLASH_DRIVER/FLASH_DRIVER.o
 .debug_macro   0x0000000000001584       0x10 ./MCAL/FLASH_DRIVER/FLASH_DRIVER.o
 .debug_macro   0x0000000000001594      0x168 ./MCAL/FLASH_DRIVER/FLASH_DRIVER.o
 .debug_macro   0x00000000000016fc       0x5a ./MCAL/GPIO/GPIO.o
 .debug_macro   0x0000000000001756      0x340 ./MCAL/GPIO/GPIO.o
 .debug_macro   0x0000000000001a96       0xa2 ./MCAL/GPIO/GPIO.o
 .debug_macro   0x0000000000001b38       0x52 ./MCAL/NVIC/NVIC.o
 .debug_macro   0x0000000000001b8a      0x100 ./MCAL/NVIC/NVIC.o
 .debug_macro   0x0000000000001c8a       0x51 ./MCAL/RCC/RCC.o
 .debug_macro   0x0000000000001cdb      0x13b ./MCAL/RCC/RCC.o
 .debug_macro   0x0000000000001e16       0x10 ./MCAL/RCC/RCC.o
 .debug_macro   0x0000000000001e26       0x51 ./MCAL/RCC/RCC_config.o
 .debug_macro   0x0000000000001e77       0x48 ./MCAL/SCB/SCB.o
 .debug_macro   0x0000000000001ebf       0x88 ./MCAL/SCB/SCB.o
 .debug_macro   0x0000000000001f47       0x8a ./MCAL/SYSTICK/SYSTICK.o
 .debug_macro   0x0000000000001fd1       0x34 ./MCAL/SYSTICK/SYSTICK.o
 .debug_macro   0x0000000000002005       0x10 ./MCAL/SYSTICK/SYSTICK.o
 .debug_macro   0x0000000000002015       0x5c ./MCAL/UART/USART.o
 .debug_macro   0x0000000000002071      0x100 ./MCAL/UART/USART.o

.debug_line     0x0000000000000000     0x2849
 .debug_line    0x0000000000000000      0x1ff ./APP/main.o
 .debug_line    0x00000000000001ff      0x6f2 ./MCAL/CAN/CAN.o
 .debug_line    0x00000000000008f1       0xe0 ./MCAL/CAN/CAN_config.o
 .debug_line    0x00000000000009d1      0x70b ./MCAL/FLASH_DRIVER/FLASH_DRIVER.o
 .debug_line    0x00000000000010dc      0x5de ./MCAL/GPIO/GPIO.o
 .debug_line    0x00000000000016ba      0x1d6 ./MCAL/NVIC/NVIC.o
 .debug_line    0x0000000000001890      0x5df ./MCAL/RCC/RCC.o
 .debug_line    0x0000000000001e6f       0xbc ./MCAL/RCC/RCC_config.o
 .debug_line    0x0000000000001f2b       0xc5 ./MCAL/SCB/SCB.o
 .debug_line    0x0000000000001ff0      0x2e0 ./MCAL/SYSTICK/SYSTICK.o
 .debug_line    0x00000000000022d0      0x4fe ./MCAL/UART/USART.o
 .debug_line    0x00000000000027ce       0x7b ./Startup/startup_stm32f429zitx.o

.debug_str      0x0000000000000000    0x1657d
 .debug_str     0x0000000000000000     0x68d7 ./APP/main.o
                                       0x695b (size before relaxing)
 .debug_str     0x00000000000068d7     0x52d9 ./MCAL/CAN/CAN.o
                                       0x978e (size before relaxing)
 .debug_str     0x000000000000bbb0       0x19 ./MCAL/CAN/CAN_config.o
                                       0x8bfe (size before relaxing)
 .debug_str     0x000000000000bbc9     0x1996 ./MCAL/FLASH_DRIVER/FLASH_DRIVER.o
                                       0x5568 (size before relaxing)
 .debug_str     0x000000000000d55f     0x4415 ./MCAL/GPIO/GPIO.o
                                       0x8b99 (size before relaxing)
 .debug_str     0x0000000000011974      0xba7 ./MCAL/NVIC/NVIC.o
                                       0x4d9f (size before relaxing)
 .debug_str     0x000000000001251b     0x1bf4 ./MCAL/RCC/RCC.o
                                       0x668c (size before relaxing)
 .debug_str     0x000000000001410f       0x19 ./MCAL/RCC/RCC_config.o
                                       0x5de2 (size before relaxing)
 .debug_str     0x0000000000014128      0x3f5 ./MCAL/SCB/SCB.o
                                       0x40d5 (size before relaxing)
 .debug_str     0x000000000001451d      0x626 ./MCAL/SYSTICK/SYSTICK.o
                                       0x3f02 (size before relaxing)
 .debug_str     0x0000000000014b43     0x1a0b ./MCAL/UART/USART.o
                                       0x56de (size before relaxing)
 .debug_str     0x000000000001654e       0x2f ./Startup/startup_stm32f429zitx.o
                                         0x8b (size before relaxing)

.debug_frame    0x0000000000000000     0x16d4
 .debug_frame   0x0000000000000000       0x54 ./APP/main.o
 .debug_frame   0x0000000000000054      0x414 ./MCAL/CAN/CAN.o
 .debug_frame   0x0000000000000468      0x5f4 ./MCAL/FLASH_DRIVER/FLASH_DRIVER.o
 .debug_frame   0x0000000000000a5c      0x2f0 ./MCAL/GPIO/GPIO.o
 .debug_frame   0x0000000000000d4c      0x100 ./MCAL/NVIC/NVIC.o
 .debug_frame   0x0000000000000e4c      0x360 ./MCAL/RCC/RCC.o
 .debug_frame   0x00000000000011ac       0x38 ./MCAL/SCB/SCB.o
 .debug_frame   0x00000000000011e4      0x1b4 ./MCAL/SYSTICK/SYSTICK.o
 .debug_frame   0x0000000000001398      0x2b0 ./MCAL/UART/USART.o
 .debug_frame   0x0000000000001648       0x2c /opt/st/stm32cubeide_1.13.2_2/plugins/com.st.stm32cube.ide.mcu.externaltools.gnu-tools-for-stm32.11.3.rel1.linux64_1.1.1.202309131626/tools/bin/../lib/gcc/arm-none-eabi/11.3.1/../../../../arm-none-eabi/lib/thumb/v7e-m+fp/hard/libc_nano.a(libc_a-init.o)
 .debug_frame   0x0000000000001674       0x2c /opt/st/stm32cubeide_1.13.2_2/plugins/com.st.stm32cube.ide.mcu.externaltools.gnu-tools-for-stm32.11.3.rel1.linux64_1.1.1.202309131626/tools/bin/../lib/gcc/arm-none-eabi/11.3.1/thumb/v7e-m+fp/hard/libgcc.a(_aeabi_uldivmod.o)
 .debug_frame   0x00000000000016a0       0x34 /opt/st/stm32cubeide_1.13.2_2/plugins/com.st.stm32cube.ide.mcu.externaltools.gnu-tools-for-stm32.11.3.rel1.linux64_1.1.1.202309131626/tools/bin/../lib/gcc/arm-none-eabi/11.3.1/thumb/v7e-m+fp/hard/libgcc.a(_udivmoddi4.o)

.debug_line_str
                0x0000000000000000       0x7f
 .debug_line_str
                0x0000000000000000       0x7f ./Startup/startup_stm32f429zitx.o
                                         0x97 (size before relaxing)
