../MCAL/CAN/CAN.c:43:21:Can_enuInit	24	static
../MCAL/CAN/CAN.c:105:21:Can_enuResetMasterSW	16	static
../MCAL/CAN/CAN.c:117:21:Can_enuIsNodeCurrentlyTransmitter	24	static
../MCAL/CAN/CAN.c:128:21:Can_enuIsNodeCurrentlyReceiver	24	static
../MCAL/CAN/CAN.c:141:21:Can_enuGetActualValueOfCanRxPin	24	static
../MCAL/CAN/CAN.c:154:21:Can_enuGetCurrentReceivedBitValue	24	static
../MCAL/CAN/CAN.c:168:21:Can_enuIsTxMailBoxLowestPriority	24	static
../MCAL/CAN/CAN.c:185:21:Can_enuAbortTransmitInMailBox_x	24	static
../MCAL/CAN/CAN.c:194:21:Can_enuTransmitMessage_CheckOneTime	24	static
../MCAL/CAN/CAN.c:246:21:Can_enuTransmitMessage_MustSend	24	static
../MCAL/CAN/CAN.c:307:21:Can_enuTransmitMessage_MustSendWithTimeOut	24	static
../MCAL/CAN/CAN.c:401:21:Can_enuGetTEC_TransimissionErrorCounter	24	static
../MCAL/CAN/CAN.c:413:21:Can_enuGetREC_ReceiveErrorCounter	24	static
../MCAL/CAN/CAN.c:425:21:Can_enuGetErrorWarningFlag_TEC_OR_REC_GREATER_THAN_95	24	static
../MCAL/CAN/CAN.c:436:21:Can_enuGetErrorPassiveFlag_TEC_OR_REC_GREATER_THAN_127	24	static
../MCAL/CAN/CAN.c:448:21:Can_enuIsNodeInBusOffMode	24	static
../MCAL/CAN/CAN.c:460:21:Can_enuConfigFilterx	24	static
../MCAL/CAN/CAN.c:508:21:Can_enuReceiveMessageBothFifo_CheckOneTime	32	static
../MCAL/CAN/CAN.c:524:21:Can_enuReceiveMessageFifox_CheckOneTime	32	static
../MCAL/CAN/CAN.c:577:21:Can_enuReceiveMessageFifox_MustReceive	32	static,ignoring_inline_asm
../MCAL/CAN/CAN.c:627:21:Can_enuReceiveMessageFifox_MustReceiveWithTimeOut	32	static
../MCAL/CAN/CAN.c:686:21:Can_enuEnableRxInterruptFifox	24	static
../MCAL/CAN/CAN.c:695:21:Can_enuDisableRxInterruptFifox	24	static
../MCAL/CAN/CAN.c:704:21:Can_enuSetCallbackRxFunctionFifox	24	static
../MCAL/CAN/CAN.c:722:28:enuFiltersInit	16	static
../MCAL/CAN/CAN.c:756:6:CAN1_RX0_IRQHandler	32	static
