Archive member included to satisfy reference by file (symbol)

/opt/st/stm32cubeide_1.13.2_2/plugins/com.st.stm32cube.ide.mcu.externaltools.gnu-tools-for-stm32.11.3.rel1.linux64_1.1.1.202309131626/tools/bin/../lib/gcc/arm-none-eabi/11.3.1/../../../../arm-none-eabi/lib/thumb/v7e-m+fp/hard/libc_nano.a(libc_a-exit.o)
                              /opt/st/stm32cubeide_1.13.2_2/plugins/com.st.stm32cube.ide.mcu.externaltools.gnu-tools-for-stm32.11.3.rel1.linux64_1.1.1.202309131626/tools/bin/../lib/gcc/arm-none-eabi/11.3.1/../../../../arm-none-eabi/lib/thumb/v7e-m+fp/hard/crt0.o (exit)
/opt/st/stm32cubeide_1.13.2_2/plugins/com.st.stm32cube.ide.mcu.externaltools.gnu-tools-for-stm32.11.3.rel1.linux64_1.1.1.202309131626/tools/bin/../lib/gcc/arm-none-eabi/11.3.1/../../../../arm-none-eabi/lib/thumb/v7e-m+fp/hard/libc_nano.a(libc_a-findfp.o)
                              /opt/st/stm32cubeide_1.13.2_2/plugins/com.st.stm32cube.ide.mcu.externaltools.gnu-tools-for-stm32.11.3.rel1.linux64_1.1.1.202309131626/tools/bin/../lib/gcc/arm-none-eabi/11.3.1/../../../../arm-none-eabi/lib/thumb/v7e-m+fp/hard/libc_nano.a(libc_a-exit.o) (__stdio_exit_handler)
/opt/st/stm32cubeide_1.13.2_2/plugins/com.st.stm32cube.ide.mcu.externaltools.gnu-tools-for-stm32.11.3.rel1.linux64_1.1.1.202309131626/tools/bin/../lib/gcc/arm-none-eabi/11.3.1/../../../../arm-none-eabi/lib/thumb/v7e-m+fp/hard/libc_nano.a(libc_a-fwalk.o)
                              /opt/st/stm32cubeide_1.13.2_2/plugins/com.st.stm32cube.ide.mcu.externaltools.gnu-tools-for-stm32.11.3.rel1.linux64_1.1.1.202309131626/tools/bin/../lib/gcc/arm-none-eabi/11.3.1/../../../../arm-none-eabi/lib/thumb/v7e-m+fp/hard/libc_nano.a(libc_a-findfp.o) (_fwalk_sglue)
/opt/st/stm32cubeide_1.13.2_2/plugins/com.st.stm32cube.ide.mcu.externaltools.gnu-tools-for-stm32.11.3.rel1.linux64_1.1.1.202309131626/tools/bin/../lib/gcc/arm-none-eabi/11.3.1/../../../../arm-none-eabi/lib/thumb/v7e-m+fp/hard/libc_nano.a(libc_a-sprintf.o)
                              ./SERVICES/calculation_functions.o (sprintf)
/opt/st/stm32cubeide_1.13.2_2/plugins/com.st.stm32cube.ide.mcu.externaltools.gnu-tools-for-stm32.11.3.rel1.linux64_1.1.1.202309131626/tools/bin/../lib/gcc/arm-none-eabi/11.3.1/../../../../arm-none-eabi/lib/thumb/v7e-m+fp/hard/libc_nano.a(libc_a-stdio.o)
                              /opt/st/stm32cubeide_1.13.2_2/plugins/com.st.stm32cube.ide.mcu.externaltools.gnu-tools-for-stm32.11.3.rel1.linux64_1.1.1.202309131626/tools/bin/../lib/gcc/arm-none-eabi/11.3.1/../../../../arm-none-eabi/lib/thumb/v7e-m+fp/hard/libc_nano.a(libc_a-findfp.o) (__sread)
/opt/st/stm32cubeide_1.13.2_2/plugins/com.st.stm32cube.ide.mcu.externaltools.gnu-tools-for-stm32.11.3.rel1.linux64_1.1.1.202309131626/tools/bin/../lib/gcc/arm-none-eabi/11.3.1/../../../../arm-none-eabi/lib/thumb/v7e-m+fp/hard/libc_nano.a(libc_a-memset.o)
                              /opt/st/stm32cubeide_1.13.2_2/plugins/com.st.stm32cube.ide.mcu.externaltools.gnu-tools-for-stm32.11.3.rel1.linux64_1.1.1.202309131626/tools/bin/../lib/gcc/arm-none-eabi/11.3.1/../../../../arm-none-eabi/lib/thumb/v7e-m+fp/hard/crt0.o (memset)
/opt/st/stm32cubeide_1.13.2_2/plugins/com.st.stm32cube.ide.mcu.externaltools.gnu-tools-for-stm32.11.3.rel1.linux64_1.1.1.202309131626/tools/bin/../lib/gcc/arm-none-eabi/11.3.1/../../../../arm-none-eabi/lib/thumb/v7e-m+fp/hard/libc_nano.a(libc_a-closer.o)
                              /opt/st/stm32cubeide_1.13.2_2/plugins/com.st.stm32cube.ide.mcu.externaltools.gnu-tools-for-stm32.11.3.rel1.linux64_1.1.1.202309131626/tools/bin/../lib/gcc/arm-none-eabi/11.3.1/../../../../arm-none-eabi/lib/thumb/v7e-m+fp/hard/libc_nano.a(libc_a-stdio.o) (_close_r)
/opt/st/stm32cubeide_1.13.2_2/plugins/com.st.stm32cube.ide.mcu.externaltools.gnu-tools-for-stm32.11.3.rel1.linux64_1.1.1.202309131626/tools/bin/../lib/gcc/arm-none-eabi/11.3.1/../../../../arm-none-eabi/lib/thumb/v7e-m+fp/hard/libc_nano.a(libc_a-reent.o)
                              /opt/st/stm32cubeide_1.13.2_2/plugins/com.st.stm32cube.ide.mcu.externaltools.gnu-tools-for-stm32.11.3.rel1.linux64_1.1.1.202309131626/tools/bin/../lib/gcc/arm-none-eabi/11.3.1/../../../../arm-none-eabi/lib/thumb/v7e-m+fp/hard/libc_nano.a(libc_a-closer.o) (errno)
/opt/st/stm32cubeide_1.13.2_2/plugins/com.st.stm32cube.ide.mcu.externaltools.gnu-tools-for-stm32.11.3.rel1.linux64_1.1.1.202309131626/tools/bin/../lib/gcc/arm-none-eabi/11.3.1/../../../../arm-none-eabi/lib/thumb/v7e-m+fp/hard/libc_nano.a(libc_a-impure.o)
                              /opt/st/stm32cubeide_1.13.2_2/plugins/com.st.stm32cube.ide.mcu.externaltools.gnu-tools-for-stm32.11.3.rel1.linux64_1.1.1.202309131626/tools/bin/../lib/gcc/arm-none-eabi/11.3.1/../../../../arm-none-eabi/lib/thumb/v7e-m+fp/hard/libc_nano.a(libc_a-sprintf.o) (_impure_ptr)
[...]
Memory Configuration

Name             Origin             Length             Attributes
CCMRAM           0x0000000010000000 0x0000000000010000 xrw
RAM              0x0000000020000000 0x0000000000030000 xrw
FLASH            0x0000000008000000 0x0000000000200000 xr
*default*        0x0000000000000000 0xffffffffffffffff

Linker script and memory map

LOAD /opt/st/stm32cubeide_1.13.2_2/plugins/com.st.stm32cube.ide.mcu.externaltools.gnu-tools-for-stm32.11.3.rel1.linux64_1.1.1.202309131626/tools/bin/../lib/gcc/arm-none-eabi/11.3.1/thumb/v7e-m+fp/hard/crti.o
LOAD /opt/st/stm32cubeide_1.13.2_2/plugins/com.st.stm32cube.ide.mcu.externaltools.gnu-tools-for-stm32.11.3.rel1.linux64_1.1.1.202309131626/tools/bin/../lib/gcc/arm-none-eabi/11.3.1/thumb/v7e-m+fp/hard/crtbegin.o
LOAD /opt/st/stm32cubeide_1.13.2_2/plugins/com.st.stm32cube.ide.mcu.externaltools.gnu-tools-for-stm32.11.3.rel1.linux64_1.1.1.202309131626/tools/bin/../lib/gcc/arm-none-eabi/11.3.1/../../../../arm-none-eabi/lib/thumb/v7e-m+fp/hard/crt0.o
LOAD ./APP/main.o
LOAD ./APP/syscalls.o
LOAD ./APP/sysmem.o
LOAD ./MCAL/GPIO/GPIO.o
LOAD ./MCAL/RCC/RCC.o
LOAD ./MCAL/SYSTICK/SYSTICK.o
LOAD ./SERVICES/calculation_functions.o
LOAD ./Startup/startup_stm32f429zitx.o
START GROUP
LOAD /opt/st/stm32cubeide_1.13.2_2/plugins/com.st.stm32cube.ide.mcu.externaltools.gnu-tools-for-stm32.11.3.rel1.linux64_1.1.1.202309131626/tools/bin/../lib/gcc/arm-none-eabi/11.3.1/../../../../arm-none-eabi/lib/thumb/v7e-m+fp/hard/libc_nano.a
LOAD /opt/st/stm32cubeide_1.13.2_2/plugins/com.st.stm32cube.ide.mcu.externaltools.gnu-tools-for-stm32.11.3.rel1.linux64_1.1.1.202309131626/tools/bin/../lib/gcc/arm-none-eabi/11.3.1/../../../../arm-none-eabi/lib/thumb/v7e-m+fp/hard/libm.a
END GROUP
START GROUP
LOAD /opt/st/stm32cubeide_1.13.2_2/plugins/com.st.stm32cube.ide.mcu.externaltools.gnu-tools-for-stm32.11.3.rel1.linux64_1.1.1.202309131626/tools/bin/../lib/gcc/arm-none-eabi/11.3.1/thumb/v7e-m+fp/hard/libgcc.a
LOAD /opt/st/stm32cubeide_1.13.2_2/plugins/com.st.stm32cube.ide.mcu.externaltools.gnu-tools-for-stm32.11.3.rel1.linux64_1.1.1.202309131626/tools/bin/../lib/gcc/arm-none-eabi/11.3.1/../../../../arm-none-eabi/lib/thumb/v7e-m+fp/hard/libc_nano.a
END GROUP
START GROUP
LOAD /opt/st/stm32cubeide_1.13.2_2/plugins/com.st.stm32cube.ide.mcu.externaltools.gnu-tools-for-stm32.11.3.rel1.linux64_1.1.1.202309131626/tools/bin/../lib/gcc/arm-none-eabi/11.3.1/thumb/v7e-m+fp/hard/libgcc.a
LOAD /opt/st/stm32cubeide_1.13.2_2/plugins/com.st.stm32cube.ide.mcu.externaltools.gnu-tools-for-stm32.11.3.rel1.linux64_1.1.1.202309131626/tools/bin/../lib/gcc/arm-none-eabi/11.3.1/../../../../arm-none-eabi/lib/thumb/v7e-m+fp/hard/libc_nano.a
LOAD /opt/st/stm32cubeide_1.13.2_2/plugins/com.st.stm32cube.ide.mcu.externaltools.gnu-tools-for-stm32.11.3.rel1.linux64_1.1.1.202309131626/tools/bin/../lib/gcc/arm-none-eabi/11.3.1/../../../../arm-none-eabi/lib/thumb/v7e-m+fp/hard/libnosys.a
END GROUP
START GROUP
LOAD /opt/st/stm32cubeide_1.13.2_2/plugins/com.st.stm32cube.ide.mcu.externaltools.gnu-tools-for-stm32.11.3.rel1.linux64_1.1.1.202309131626/tools/bin/../lib/gcc/arm-none-eabi/11.3.1/thumb/v7e-m+fp/hard/libgcc.a
LOAD /opt/st/stm32cubeide_1.13.2_2/plugins/com.st.stm32cube.ide.mcu.externaltools.gnu-tools-for-stm32.11.3.rel1.linux64_1.1.1.202309131626/tools/bin/../lib/gcc/arm-none-eabi/11.3.1/../../../../arm-none-eabi/lib/thumb/v7e-m+fp/hard/libc_nano.a
LOAD /opt/st/stm32cubeide_1.13.2_2/plugins/com.st.stm32cube.ide.mcu.externaltools.gnu-tools-for-stm32.11.3.rel1.linux64_1.1.1.202309131626/tools/bin/../lib/gcc/arm-none-eabi/11.3.1/../../../../arm-none-eabi/lib/thumb/v7e-m+fp/hard/libnosys.a
END GROUP
LOAD /opt/st/stm32cubeide_1.13.2_2/plugins/com.st.stm32cube.ide.mcu.externaltools.gnu-tools-for-stm32.11.3.rel1.linux64_1.1.1.202309131626/tools/bin/../lib/gcc/arm-none-eabi/11.3.1/thumb/v7e-m+fp/hard/crtend.o
LOAD /opt/st/stm32cubeide_1.13.2_2/plugins/com.st.stm32cube.ide.mcu.externaltools.gnu-tools-for-stm32.11.3.rel1.linux64_1.1.1.202309131626/tools/bin/../lib/gcc/arm-none-eabi/11.3.1/thumb/v7e-m+fp/hard/crtn.o
                0x0000000020030000                _estack = (ORIGIN (RAM) + LENGTH (RAM))
                0x0000000000000200                _Min_Heap_Size = 0x200
                0x0000000000000400                _Min_Stack_Size = 0x400

.isr_vector     0x0000000008000000      0x1ac
                0x0000000008000000                . = ALIGN (0x4)
 *(.isr_vector)
 .isr_vector    0x0000000008000000      0x1ac ./Startup/startup_stm32f429zitx.o
                0x0000000008000000                g_pfnVectors
                0x00000000080001ac                . = ALIGN (0x4)

.text           0x00000000080001ac      0xb40
                0x00000000080001ac                . = ALIGN (0x4)
 *(.text)
 .text          0x00000000080001ac       0x40 /opt/st/stm32cubeide_1.13.2_2/plugins/com.st.stm32cube.ide.mcu.externaltools.gnu-tools-for-stm32.11.3.rel1.linux64_1.1.1.202309131626/tools/bin/../lib/gcc/arm-none-eabi/11.3.1/thumb/v7e-m+fp/hard/crtbegin.o
 *(.text*)
 .text.main     0x00000000080001ec       0x48 ./APP/main.o
                0x00000000080001ec                main
 .text.Gpio_enuInit
                0x0000000008000234      0x150 ./MCAL/GPIO/GPIO.o
                0x0000000008000234                Gpio_enuInit
 .text.Gpio_enuSetPinChannelAtomic
                0x0000000008000384       0x50 ./MCAL/GPIO/GPIO.o
                0x0000000008000384                Gpio_enuSetPinChannelAtomic
 .text.Gpio_enuClearPinChannelAtomic
                0x00000000080003d4       0x50 ./MCAL/GPIO/GPIO.o
                0x00000000080003d4                Gpio_enuClearPinChannelAtomic
 .text.Gpio_enuEnableClockGIPOx
                0x0000000008000424       0x36 ./MCAL/GPIO/GPIO.o
                0x0000000008000424                Gpio_enuEnableClockGIPOx
 *fill*         0x000000000800045a        0x2 
 .text.Rcc_enuEnableClock
                0x000000000800045c      0x13c ./MCAL/RCC/RCC.o
                0x000000000800045c                Rcc_enuEnableClock
 .text.Rcc_enuDisableClock
                0x0000000008000598       0x8c ./MCAL/RCC/RCC.o
                0x0000000008000598                Rcc_enuDisableClock
 .text.Rcc_enuConfigPLL
                0x0000000008000624       0xa8 ./MCAL/RCC/RCC.o
                0x0000000008000624                Rcc_enuConfigPLL
 .text.Rcc_enuInitMCO2
                0x00000000080006cc       0x50 ./MCAL/RCC/RCC.o
                0x00000000080006cc                Rcc_enuInitMCO2
 .text.Rcc_enuSelectAPB2Prescaler
                0x000000000800071c       0x34 ./MCAL/RCC/RCC.o
                0x000000000800071c                Rcc_enuSelectAPB2Prescaler
 .text.Rcc_enuSelectAPB1Prescaler
                0x0000000008000750       0x38 ./MCAL/RCC/RCC.o
                0x0000000008000750                Rcc_enuSelectAPB1Prescaler
 .text.Rcc_enuSelectAHBPrescaler
                0x0000000008000788       0x2c ./MCAL/RCC/RCC.o
                0x0000000008000788                Rcc_enuSelectAHBPrescaler
 .text.Rcc_enuSelectSystemClkSource
                0x00000000080007b4       0x34 ./MCAL/RCC/RCC.o
                0x00000000080007b4                Rcc_enuSelectSystemClkSource
 .text.Rcc_enuEnablePeripheralClk
                0x00000000080007e8       0x64 ./MCAL/RCC/RCC.o
                0x00000000080007e8                Rcc_enuEnablePeripheralClk
 .text.Rcc_enuConfigPLLI2S
                0x000000000800084c       0x90 ./MCAL/RCC/RCC.o
                0x000000000800084c                Rcc_enuConfigPLLI2S
 .text.Rcc_enuConfigPLLSAI
                0x00000000080008dc      0x108 ./MCAL/RCC/RCC.o
                0x00000000080008dc                Rcc_enuConfigPLLSAI
 .text.Rcc_enuInit
                0x00000000080009e4      0x15a ./MCAL/RCC/RCC.o
                0x00000000080009e4                Rcc_enuInit
 *fill*         0x0000000008000b3e        0x2 
 .text.Systick_enuInit
                0x0000000008000b40       0x34 ./MCAL/SYSTICK/SYSTICK.o
                0x0000000008000b40                Systick_enuInit
 .text.Systick_enuSetBusyWait
                0x0000000008000b74       0x80 ./MCAL/SYSTICK/SYSTICK.o
                0x0000000008000b74                Systick_enuSetBusyWait
 .text.SysTick_Handler
                0x0000000008000bf4       0x44 ./MCAL/SYSTICK/SYSTICK.o
                0x0000000008000bf4                SysTick_Handler
 .text.Reset_Handler
                0x0000000008000c38       0x50 ./Startup/startup_stm32f429zitx.o
                0x0000000008000c38                Reset_Handler
 .text.Default_Handler
                0x0000000008000c88        0x2 ./Startup/startup_stm32f429zitx.o
                0x0000000008000c88                RTC_Alarm_IRQHandler
                0x0000000008000c88                HASH_RNG_IRQHandler
                0x0000000008000c88                EXTI2_IRQHandler
                0x0000000008000c88                TIM8_CC_IRQHandler
                0x0000000008000c88                DebugMon_Handler
                0x0000000008000c88                UART8_IRQHandler
                0x0000000008000c88                SPI4_IRQHandler
                0x0000000008000c88                TIM1_CC_IRQHandler
                0x0000000008000c88                DMA2_Stream5_IRQHandler
                0x0000000008000c88                HardFault_Handler
                0x0000000008000c88                DMA1_Stream5_IRQHandler
                0x0000000008000c88                PVD_IRQHandler
                0x0000000008000c88                SDIO_IRQHandler
                0x0000000008000c88                TAMP_STAMP_IRQHandler
                0x0000000008000c88                PendSV_Handler
                0x0000000008000c88                NMI_Handler
                0x0000000008000c88                CAN2_RX1_IRQHandler
                0x0000000008000c88                EXTI3_IRQHandler
                0x0000000008000c88                TIM8_TRG_COM_TIM14_IRQHandler
                0x0000000008000c88                TIM1_UP_TIM10_IRQHandler
                0x0000000008000c88                TIM8_UP_TIM13_IRQHandler
                0x0000000008000c88                I2C3_ER_IRQHandler
                0x0000000008000c88                LCD_TFT_IRQHandler
                0x0000000008000c88                EXTI0_IRQHandler
                0x0000000008000c88                I2C2_EV_IRQHandler
                0x0000000008000c88                DMA1_Stream2_IRQHandler
                0x0000000008000c88                CAN1_RX0_IRQHandler
                0x0000000008000c88                FPU_IRQHandler
                0x0000000008000c88                OTG_HS_WKUP_IRQHandler
                0x0000000008000c88                UsageFault_Handler
                0x0000000008000c88                CAN2_SCE_IRQHandler
                0x0000000008000c88                DMA2_Stream2_IRQHandler
                0x0000000008000c88                SPI1_IRQHandler
                0x0000000008000c88                TIM6_DAC_IRQHandler
                0x0000000008000c88                TIM1_BRK_TIM9_IRQHandler
                0x0000000008000c88                DCMI_IRQHandler
                0x0000000008000c88                CAN2_RX0_IRQHandler
                0x0000000008000c88                DMA2_Stream3_IRQHandler
                0x0000000008000c88                USART6_IRQHandler
                0x0000000008000c88                USART3_IRQHandler
                0x0000000008000c88                CRYP_IRQHandler
                0x0000000008000c88                CAN1_RX1_IRQHandler
                0x0000000008000c88                UART5_IRQHandler
                0x0000000008000c88                DMA2_Stream0_IRQHandler
                0x0000000008000c88                TIM4_IRQHandler
                0x0000000008000c88                I2C1_EV_IRQHandler
                0x0000000008000c88                DMA1_Stream6_IRQHandler
                0x0000000008000c88                DMA1_Stream1_IRQHandler
                0x0000000008000c88                UART4_IRQHandler
                0x0000000008000c88                LCD_TFT_1_IRQHandler
                0x0000000008000c88                TIM3_IRQHandler
                0x0000000008000c88                RCC_IRQHandler
                0x0000000008000c88                TIM8_BRK_TIM12_IRQHandler
                0x0000000008000c88                Default_Handler
                0x0000000008000c88                EXTI15_10_IRQHandler
                0x0000000008000c88                ADC_IRQHandler
                0x0000000008000c88                DMA1_Stream7_IRQHandler
                0x0000000008000c88                SPI5_IRQHandler
                0x0000000008000c88                TIM7_IRQHandler
                0x0000000008000c88                CAN2_TX_IRQHandler
                0x0000000008000c88                TIM5_IRQHandler
                0x0000000008000c88                DMA2_Stream7_IRQHandler
                0x0000000008000c88                I2C3_EV_IRQHandler
                0x0000000008000c88                EXTI9_5_IRQHandler
                0x0000000008000c88                RTC_WKUP_IRQHandler
                0x0000000008000c88                ETH_WKUP_IRQHandler
                0x0000000008000c88                SPI2_IRQHandler
                0x0000000008000c88                OTG_HS_EP1_IN_IRQHandler
                0x0000000008000c88                MemManage_Handler
                0x0000000008000c88                DMA1_Stream0_IRQHandler
                0x0000000008000c88                CAN1_TX_IRQHandler
                0x0000000008000c88                SVC_Handler
                0x0000000008000c88                EXTI4_IRQHandler
                0x0000000008000c88                ETH_IRQHandler
                0x0000000008000c88                OTG_HS_EP1_OUT_IRQHandler
                0x0000000008000c88                WWDG_IRQHandler
                0x0000000008000c88                SPI6_IRQHandler
                0x0000000008000c88                TIM2_IRQHandler
                0x0000000008000c88                OTG_FS_WKUP_IRQHandler
                0x0000000008000c88                TIM1_TRG_COM_TIM11_IRQHandler
                0x0000000008000c88                OTG_HS_IRQHandler
                0x0000000008000c88                DMA2D_IRQHandler
                0x0000000008000c88                EXTI1_IRQHandler
                0x0000000008000c88                UART7_IRQHandler
                0x0000000008000c88                USART2_IRQHandler
                0x0000000008000c88                I2C2_ER_IRQHandler
                0x0000000008000c88                DMA2_Stream1_IRQHandler
                0x0000000008000c88                CAN1_SCE_IRQHandler
                0x0000000008000c88                FLASH_IRQHandler
                0x0000000008000c88                DMA2_Stream4_IRQHandler
                0x0000000008000c88                BusFault_Handler
                0x0000000008000c88                USART1_IRQHandler
                0x0000000008000c88                OTG_FS_IRQHandler
                0x0000000008000c88                SPI3_IRQHandler
                0x0000000008000c88                DMA1_Stream4_IRQHandler
                0x0000000008000c88                I2C1_ER_IRQHandler
                0x0000000008000c88                FMC_IRQHandler
                0x0000000008000c88                DMA2_Stream6_IRQHandler
                0x0000000008000c88                SAI1_IRQHandler
                0x0000000008000c88                DMA1_Stream3_IRQHandler
 *fill*         0x0000000008000c8a        0x2 
 .text.__libc_init_array
                0x0000000008000c8c       0x48 /opt/st/stm32cubeide_1.13.2_2/plugins/com.st.stm32cube.ide.mcu.externaltools.gnu-tools-for-stm32.11.3.rel1.linux64_1.1.1.202309131626/tools/bin/../lib/gcc/arm-none-eabi/11.3.1/../../../../arm-none-eabi/lib/thumb/v7e-m+fp/hard/libc_nano.a(libc_a-init.o)
                0x0000000008000c8c                __libc_init_array
 *(.glue_7)
 .glue_7        0x0000000008000cd4        0x0 linker stubs
 *(.glue_7t)
 .glue_7t       0x0000000008000cd4        0x0 linker stubs
 *(.eh_frame)
 .eh_frame      0x0000000008000cd4        0x0 /opt/st/stm32cubeide_1.13.2_2/plugins/com.st.stm32cube.ide.mcu.externaltools.gnu-tools-for-stm32.11.3.rel1.linux64_1.1.1.202309131626/tools/bin/../lib/gcc/arm-none-eabi/11.3.1/thumb/v7e-m+fp/hard/crtbegin.o
 *(.init)
 .init          0x0000000008000cd4        0x4 /opt/st/stm32cubeide_1.13.2_2/plugins/com.st.stm32cube.ide.mcu.externaltools.gnu-tools-for-stm32.11.3.rel1.linux64_1.1.1.202309131626/tools/bin/../lib/gcc/arm-none-eabi/11.3.1/thumb/v7e-m+fp/hard/crti.o
                0x0000000008000cd4                _init
 .init          0x0000000008000cd8        0x8 /opt/st/stm32cubeide_1.13.2_2/plugins/com.st.stm32cube.ide.mcu.externaltools.gnu-tools-for-stm32.11.3.rel1.linux64_1.1.1.202309131626/tools/bin/../lib/gcc/arm-none-eabi/11.3.1/thumb/v7e-m+fp/hard/crtn.o
 *(.fini)
 .fini          0x0000000008000ce0        0x4 /opt/st/stm32cubeide_1.13.2_2/plugins/com.st.stm32cube.ide.mcu.externaltools.gnu-tools-for-stm32.11.3.rel1.linux64_1.1.1.202309131626/tools/bin/../lib/gcc/arm-none-eabi/11.3.1/thumb/v7e-m+fp/hard/crti.o
                0x0000000008000ce0                _fini
 .fini          0x0000000008000ce4        0x8 /opt/st/stm32cubeide_1.13.2_2/plugins/com.st.stm32cube.ide.mcu.externaltools.gnu-tools-for-stm32.11.3.rel1.linux64_1.1.1.202309131626/tools/bin/../lib/gcc/arm-none-eabi/11.3.1/thumb/v7e-m+fp/hard/crtn.o
                0x0000000008000cec                . = ALIGN (0x4)
                0x0000000008000cec                _etext = .

.vfp11_veneer   0x0000000008000cec        0x0
 .vfp11_veneer  0x0000000008000cec        0x0 linker stubs

.v4_bx          0x0000000008000cec        0x0
 .v4_bx         0x0000000008000cec        0x0 linker stubs

.iplt           0x0000000008000cec        0x0
 .iplt          0x0000000008000cec        0x0 /opt/st/stm32cubeide_1.13.2_2/plugins/com.st.stm32cube.ide.mcu.externaltools.gnu-tools-for-stm32.11.3.rel1.linux64_1.1.1.202309131626/tools/bin/../lib/gcc/arm-none-eabi/11.3.1/thumb/v7e-m+fp/hard/crtbegin.o

.rel.dyn        0x0000000008000cec        0x0
 .rel.iplt      0x0000000008000cec        0x0 /opt/st/stm32cubeide_1.13.2_2/plugins/com.st.stm32cube.ide.mcu.externaltools.gnu-tools-for-stm32.11.3.rel1.linux64_1.1.1.202309131626/tools/bin/../lib/gcc/arm-none-eabi/11.3.1/thumb/v7e-m+fp/hard/crtbegin.o

.rodata         0x0000000008000cec        0x0
                0x0000000008000cec                . = ALIGN (0x4)
 *(.rodata)
 *(.rodata*)
                0x0000000008000cec                . = ALIGN (0x4)

.ARM.extab      0x0000000008000cec        0x0
                0x0000000008000cec                . = ALIGN (0x4)
 *(.ARM.extab* .gnu.linkonce.armextab.*)
                0x0000000008000cec                . = ALIGN (0x4)

.ARM            0x0000000008000cec        0x0
                0x0000000008000cec                . = ALIGN (0x4)
                0x0000000008000cec                __exidx_start = .
 *(.ARM.exidx*)
                0x0000000008000cec                __exidx_end = .
                0x0000000008000cec                . = ALIGN (0x4)

.preinit_array  0x0000000008000cec        0x0
                0x0000000008000cec                . = ALIGN (0x4)
                0x0000000008000cec                PROVIDE (__preinit_array_start = .)
 *(.preinit_array*)
                0x0000000008000cec                PROVIDE (__preinit_array_end = .)
                0x0000000008000cec                . = ALIGN (0x4)

.init_array     0x0000000008000cec        0x4
                0x0000000008000cec                . = ALIGN (0x4)
                0x0000000008000cec                PROVIDE (__init_array_start = .)
 *(SORT_BY_NAME(.init_array.*))
 *(.init_array*)
 .init_array    0x0000000008000cec        0x4 /opt/st/stm32cubeide_1.13.2_2/plugins/com.st.stm32cube.ide.mcu.externaltools.gnu-tools-for-stm32.11.3.rel1.linux64_1.1.1.202309131626/tools/bin/../lib/gcc/arm-none-eabi/11.3.1/thumb/v7e-m+fp/hard/crtbegin.o
                0x0000000008000cf0                PROVIDE (__init_array_end = .)
                0x0000000008000cf0                . = ALIGN (0x4)

.fini_array     0x0000000008000cf0        0x4
                0x0000000008000cf0                . = ALIGN (0x4)
                [!provide]                        PROVIDE (__fini_array_start = .)
 *(SORT_BY_NAME(.fini_array.*))
 *(.fini_array*)
 .fini_array    0x0000000008000cf0        0x4 /opt/st/stm32cubeide_1.13.2_2/plugins/com.st.stm32cube.ide.mcu.externaltools.gnu-tools-for-stm32.11.3.rel1.linux64_1.1.1.202309131626/tools/bin/../lib/gcc/arm-none-eabi/11.3.1/thumb/v7e-m+fp/hard/crtbegin.o
                [!provide]                        PROVIDE (__fini_array_end = .)
                0x0000000008000cf4                . = ALIGN (0x4)
                0x0000000008000cf4                _sidata = LOADADDR (.data)

.data           0x0000000020000000       0xcc load address 0x0000000008000cf4
                0x0000000020000000                . = ALIGN (0x4)
                0x0000000020000000                _sdata = .
 *(.data)
 *(.data*)
 .data.rcc      0x0000000020000000       0x18 ./APP/main.o
                0x0000000020000000                rcc
 .data.Global_ModeArr
                0x0000000020000018       0x20 ./MCAL/GPIO/GPIO.o
 .data.Global_OutputTypeArr
                0x0000000020000038       0x20 ./MCAL/GPIO/GPIO.o
 .data.Global_OutputSpeedArr
                0x0000000020000058       0x20 ./MCAL/GPIO/GPIO.o
 .data.Global_PUPDArr
                0x0000000020000078       0x20 ./MCAL/GPIO/GPIO.o
 .data.Global_BsrrArr
                0x0000000020000098       0x20 ./MCAL/GPIO/GPIO.o
 .data.Global_PeripheralClkRegEnArr
                0x00000000200000b8       0x14 ./MCAL/RCC/RCC.o
 *(.RamFunc)
 *(.RamFunc*)
                0x00000000200000cc                . = ALIGN (0x4)
                0x00000000200000cc                _edata = .
                0x0000000008000dc0                _siccmram = LOADADDR (.ccmram)

.igot.plt       0x00000000200000cc        0x0 load address 0x0000000008000dc0
 .igot.plt      0x00000000200000cc        0x0 /opt/st/stm32cubeide_1.13.2_2/plugins/com.st.stm32cube.ide.mcu.externaltools.gnu-tools-for-stm32.11.3.rel1.linux64_1.1.1.202309131626/tools/bin/../lib/gcc/arm-none-eabi/11.3.1/thumb/v7e-m+fp/hard/crtbegin.o

.ccmram         0x0000000010000000        0x0 load address 0x0000000008000dc0
                0x0000000010000000                . = ALIGN (0x4)
                0x0000000010000000                _sccmram = .
 *(.ccmram)
 *(.ccmram*)
                0x0000000010000000                . = ALIGN (0x4)
                0x0000000010000000                _eccmram = .
                0x0000000010000000                . = ALIGN (0x4)

.bss            0x00000000200000cc       0x24
                0x00000000200000cc                _sbss = .
                0x00000000200000cc                __bss_start__ = _sbss
 *(.bss)
 .bss           0x00000000200000cc       0x1c /opt/st/stm32cubeide_1.13.2_2/plugins/com.st.stm32cube.ide.mcu.externaltools.gnu-tools-for-stm32.11.3.rel1.linux64_1.1.1.202309131626/tools/bin/../lib/gcc/arm-none-eabi/11.3.1/thumb/v7e-m+fp/hard/crtbegin.o
 *(.bss*)
 .bss.Global_u8TimerTypeFlag
                0x00000000200000e8        0x1 ./MCAL/SYSTICK/SYSTICK.o
 *fill*         0x00000000200000e9        0x3 
 .bss.Systick_OverflowInterruptHandler
                0x00000000200000ec        0x4 ./MCAL/SYSTICK/SYSTICK.o
 *(COMMON)
                0x00000000200000f0                . = ALIGN (0x4)
                0x00000000200000f0                _ebss = .
                0x00000000200000f0                __bss_end__ = _ebss

._user_heap_stack
                0x00000000200000f0      0x600
                0x00000000200000f0                . = ALIGN (0x8)
                [!provide]                        PROVIDE (end = .)
                0x00000000200000f0                PROVIDE (_end = .)
                0x00000000200002f0                . = (. + _Min_Heap_Size)
 *fill*         0x00000000200000f0      0x200 
                0x00000000200006f0                . = (. + _Min_Stack_Size)
 *fill*         0x00000000200002f0      0x400 
                0x00000000200006f0                . = ALIGN (0x8)

/DISCARD/
 libc.a(*)
 libm.a(*)
 libgcc.a(*)

.ARM.attributes
                0x0000000000000000       0x30
 *(.ARM.attributes)
 .ARM.attributes
                0x0000000000000000       0x1e /opt/st/stm32cubeide_1.13.2_2/plugins/com.st.stm32cube.ide.mcu.externaltools.gnu-tools-for-stm32.11.3.rel1.linux64_1.1.1.202309131626/tools/bin/../lib/gcc/arm-none-eabi/11.3.1/thumb/v7e-m+fp/hard/crti.o
 .ARM.attributes
                0x000000000000001e       0x34 /opt/st/stm32cubeide_1.13.2_2/plugins/com.st.stm32cube.ide.mcu.externaltools.gnu-tools-for-stm32.11.3.rel1.linux64_1.1.1.202309131626/tools/bin/../lib/gcc/arm-none-eabi/11.3.1/thumb/v7e-m+fp/hard/crtbegin.o
 .ARM.attributes
                0x0000000000000052       0x34 ./APP/main.o
 .ARM.attributes
                0x0000000000000086       0x34 ./MCAL/GPIO/GPIO.o
 .ARM.attributes
                0x00000000000000ba       0x34 ./MCAL/RCC/RCC.o
 .ARM.attributes
                0x00000000000000ee       0x34 ./MCAL/SYSTICK/SYSTICK.o
 .ARM.attributes
                0x0000000000000122       0x21 ./Startup/startup_stm32f429zitx.o
 .ARM.attributes
                0x0000000000000143       0x34 /opt/st/stm32cubeide_1.13.2_2/plugins/com.st.stm32cube.ide.mcu.externaltools.gnu-tools-for-stm32.11.3.rel1.linux64_1.1.1.202309131626/tools/bin/../lib/gcc/arm-none-eabi/11.3.1/../../../../arm-none-eabi/lib/thumb/v7e-m+fp/hard/libc_nano.a(libc_a-init.o)
 .ARM.attributes
                0x0000000000000177       0x1e /opt/st/stm32cubeide_1.13.2_2/plugins/com.st.stm32cube.ide.mcu.externaltools.gnu-tools-for-stm32.11.3.rel1.linux64_1.1.1.202309131626/tools/bin/../lib/gcc/arm-none-eabi/11.3.1/thumb/v7e-m+fp/hard/crtn.o
OUTPUT(STM32F429.elf elf32-littlearm)
LOAD linker stubs
LOAD /opt/st/stm32cubeide_1.13.2_2/plugins/com.st.stm32cube.ide.mcu.externaltools.gnu-tools-for-stm32.11.3.rel1.linux64_1.1.1.202309131626/tools/bin/../lib/gcc/arm-none-eabi/11.3.1/../../../../arm-none-eabi/lib/thumb/v7e-m+fp/hard/libc.a
LOAD /opt/st/stm32cubeide_1.13.2_2/plugins/com.st.stm32cube.ide.mcu.externaltools.gnu-tools-for-stm32.11.3.rel1.linux64_1.1.1.202309131626/tools/bin/../lib/gcc/arm-none-eabi/11.3.1/../../../../arm-none-eabi/lib/thumb/v7e-m+fp/hard/libm.a
LOAD /opt/st/stm32cubeide_1.13.2_2/plugins/com.st.stm32cube.ide.mcu.externaltools.gnu-tools-for-stm32.11.3.rel1.linux64_1.1.1.202309131626/tools/bin/../lib/gcc/arm-none-eabi/11.3.1/thumb/v7e-m+fp/hard/libgcc.a

.comment        0x0000000000000000       0x43
 .comment       0x0000000000000000       0x43 /opt/st/stm32cubeide_1.13.2_2/plugins/com.st.stm32cube.ide.mcu.externaltools.gnu-tools-for-stm32.11.3.rel1.linux64_1.1.1.202309131626/tools/bin/../lib/gcc/arm-none-eabi/11.3.1/thumb/v7e-m+fp/hard/crtbegin.o
                                         0x44 (size before relaxing)
 .comment       0x0000000000000043       0x44 ./APP/main.o
 .comment       0x0000000000000043       0x44 ./MCAL/GPIO/GPIO.o
 .comment       0x0000000000000043       0x44 ./MCAL/RCC/RCC.o
 .comment       0x0000000000000043       0x44 ./MCAL/SYSTICK/SYSTICK.o

.debug_info     0x0000000000000000     0x2425
 .debug_info    0x0000000000000000      0x802 ./APP/main.o
 .debug_info    0x0000000000000802      0xa95 ./MCAL/GPIO/GPIO.o
 .debug_info    0x0000000000001297      0xea0 ./MCAL/RCC/RCC.o
 .debug_info    0x0000000000002137      0x2cb ./MCAL/SYSTICK/SYSTICK.o
 .debug_info    0x0000000000002402       0x23 ./Startup/startup_stm32f429zitx.o

.debug_abbrev   0x0000000000000000      0x5f2
 .debug_abbrev  0x0000000000000000      0x175 ./APP/main.o
 .debug_abbrev  0x0000000000000175      0x1d3 ./MCAL/GPIO/GPIO.o
 .debug_abbrev  0x0000000000000348      0x1b4 ./MCAL/RCC/RCC.o
 .debug_abbrev  0x00000000000004fc       0xe4 ./MCAL/SYSTICK/SYSTICK.o
 .debug_abbrev  0x00000000000005e0       0x12 ./Startup/startup_stm32f429zitx.o

.debug_aranges  0x0000000000000000      0x220
 .debug_aranges
                0x0000000000000000       0x20 ./APP/main.o
 .debug_aranges
                0x0000000000000020       0xb0 ./MCAL/GPIO/GPIO.o
 .debug_aranges
                0x00000000000000d0       0xc0 ./MCAL/RCC/RCC.o
 .debug_aranges
                0x0000000000000190       0x68 ./MCAL/SYSTICK/SYSTICK.o
 .debug_aranges
                0x00000000000001f8       0x28 ./Startup/startup_stm32f429zitx.o

.debug_rnglists
                0x0000000000000000      0x18c
 .debug_rnglists
                0x0000000000000000       0x13 ./APP/main.o
 .debug_rnglists
                0x0000000000000013       0x84 ./MCAL/GPIO/GPIO.o
 .debug_rnglists
                0x0000000000000097       0x92 ./MCAL/RCC/RCC.o
 .debug_rnglists
                0x0000000000000129       0x4a ./MCAL/SYSTICK/SYSTICK.o
 .debug_rnglists
                0x0000000000000173       0x19 ./Startup/startup_stm32f429zitx.o

.debug_macro    0x0000000000000000     0x16b7
 .debug_macro   0x0000000000000000       0x66 ./APP/main.o
 .debug_macro   0x0000000000000066      0xab4 ./APP/main.o
 .debug_macro   0x0000000000000b1a       0xe8 ./APP/main.o
 .debug_macro   0x0000000000000c02       0x9a ./APP/main.o
 .debug_macro   0x0000000000000c9c       0x22 ./APP/main.o
 .debug_macro   0x0000000000000cbe       0x10 ./APP/main.o
 .debug_macro   0x0000000000000cce      0x370 ./APP/main.o
 .debug_macro   0x000000000000103e       0x5a ./MCAL/GPIO/GPIO.o
 .debug_macro   0x0000000000001098      0x33b ./MCAL/GPIO/GPIO.o
 .debug_macro   0x00000000000013d3       0xa2 ./MCAL/GPIO/GPIO.o
 .debug_macro   0x0000000000001475       0x48 ./MCAL/RCC/RCC.o
 .debug_macro   0x00000000000014bd      0x132 ./MCAL/RCC/RCC.o
 .debug_macro   0x00000000000015ef       0x8a ./MCAL/SYSTICK/SYSTICK.o
 .debug_macro   0x0000000000001679       0x2e ./MCAL/SYSTICK/SYSTICK.o
 .debug_macro   0x00000000000016a7       0x10 ./MCAL/SYSTICK/SYSTICK.o

.debug_line     0x0000000000000000      0xee1
 .debug_line    0x0000000000000000      0x137 ./APP/main.o
 .debug_line    0x0000000000000137      0x5c5 ./MCAL/GPIO/GPIO.o
 .debug_line    0x00000000000006fc      0x4f4 ./MCAL/RCC/RCC.o
 .debug_line    0x0000000000000bf0      0x276 ./MCAL/SYSTICK/SYSTICK.o
 .debug_line    0x0000000000000e66       0x7b ./Startup/startup_stm32f429zitx.o

.debug_str      0x0000000000000000     0xb96c
 .debug_str     0x0000000000000000     0x5435 ./APP/main.o
                                       0x54ac (size before relaxing)
 .debug_str     0x0000000000005435     0x46aa ./MCAL/GPIO/GPIO.o
                                       0x8b87 (size before relaxing)
 .debug_str     0x0000000000009adf     0x1947 ./MCAL/RCC/RCC.o
                                       0x652d (size before relaxing)
 .debug_str     0x000000000000b426      0x517 ./MCAL/SYSTICK/SYSTICK.o
                                       0x3e27 (size before relaxing)
 .debug_str     0x000000000000b93d       0x2f ./Startup/startup_stm32f429zitx.o
                                         0x73 (size before relaxing)

.debug_frame    0x0000000000000000      0x830
 .debug_frame   0x0000000000000000       0x2c ./APP/main.o
 .debug_frame   0x000000000000002c      0x2f0 ./MCAL/GPIO/GPIO.o
 .debug_frame   0x000000000000031c      0x354 ./MCAL/RCC/RCC.o
 .debug_frame   0x0000000000000670      0x194 ./MCAL/SYSTICK/SYSTICK.o
 .debug_frame   0x0000000000000804       0x2c /opt/st/stm32cubeide_1.13.2_2/plugins/com.st.stm32cube.ide.mcu.externaltools.gnu-tools-for-stm32.11.3.rel1.linux64_1.1.1.202309131626/tools/bin/../lib/gcc/arm-none-eabi/11.3.1/../../../../arm-none-eabi/lib/thumb/v7e-m+fp/hard/libc_nano.a(libc_a-init.o)

.debug_line_str
                0x0000000000000000       0x67
 .debug_line_str
                0x0000000000000000       0x67 ./Startup/startup_stm32f429zitx.o
                                         0x7f (size before relaxing)
