Archive member included to satisfy reference by file (symbol)

/opt/st/stm32cubeide_1.13.2_2/plugins/com.st.stm32cube.ide.mcu.externaltools.gnu-tools-for-stm32.11.3.rel1.linux64_1.1.1.202309131626/tools/bin/../lib/gcc/arm-none-eabi/11.3.1/../../../../arm-none-eabi/lib/thumb/v7e-m+fp/hard/libc_nano.a(libc_a-exit.o)
                              /opt/st/stm32cubeide_1.13.2_2/plugins/com.st.stm32cube.ide.mcu.externaltools.gnu-tools-for-stm32.11.3.rel1.linux64_1.1.1.202309131626/tools/bin/../lib/gcc/arm-none-eabi/11.3.1/../../../../arm-none-eabi/lib/thumb/v7e-m+fp/hard/crt0.o (exit)
/opt/st/stm32cubeide_1.13.2_2/plugins/com.st.stm32cube.ide.mcu.externaltools.gnu-tools-for-stm32.11.3.rel1.linux64_1.1.1.202309131626/tools/bin/../lib/gcc/arm-none-eabi/11.3.1/../../../../arm-none-eabi/lib/thumb/v7e-m+fp/hard/libc_nano.a(libc_a-findfp.o)
                              /opt/st/stm32cubeide_1.13.2_2/plugins/com.st.stm32cube.ide.mcu.externaltools.gnu-tools-for-stm32.11.3.rel1.linux64_1.1.1.202309131626/tools/bin/../lib/gcc/arm-none-eabi/11.3.1/../../../../arm-none-eabi/lib/thumb/v7e-m+fp/hard/libc_nano.a(libc_a-exit.o) (__stdio_exit_handler)
/opt/st/stm32cubeide_1.13.2_2/plugins/com.st.stm32cube.ide.mcu.externaltools.gnu-tools-for-stm32.11.3.rel1.linux64_1.1.1.202309131626/tools/bin/../lib/gcc/arm-none-eabi/11.3.1/../../../../arm-none-eabi/lib/thumb/v7e-m+fp/hard/libc_nano.a(libc_a-fwalk.o)
                              /opt/st/stm32cubeide_1.13.2_2/plugins/com.st.stm32cube.ide.mcu.externaltools.gnu-tools-for-stm32.11.3.rel1.linux64_1.1.1.202309131626/tools/bin/../lib/gcc/arm-none-eabi/11.3.1/../../../../arm-none-eabi/lib/thumb/v7e-m+fp/hard/libc_nano.a(libc_a-findfp.o) (_fwalk_sglue)
/opt/st/stm32cubeide_1.13.2_2/plugins/com.st.stm32cube.ide.mcu.externaltools.gnu-tools-for-stm32.11.3.rel1.linux64_1.1.1.202309131626/tools/bin/../lib/gcc/arm-none-eabi/11.3.1/../../../../arm-none-eabi/lib/thumb/v7e-m+fp/hard/libc_nano.a(libc_a-sprintf.o)
                              ./SERVICES/calculation_functions.o (sprintf)
/opt/st/stm32cubeide_1.13.2_2/plugins/com.st.stm32cube.ide.mcu.externaltools.gnu-tools-for-stm32.11.3.rel1.linux64_1.1.1.202309131626/tools/bin/../lib/gcc/arm-none-eabi/11.3.1/../../../../arm-none-eabi/lib/thumb/v7e-m+fp/hard/libc_nano.a(libc_a-stdio.o)
                              /opt/st/stm32cubeide_1.13.2_2/plugins/com.st.stm32cube.ide.mcu.externaltools.gnu-tools-for-stm32.11.3.rel1.linux64_1.1.1.202309131626/tools/bin/../lib/gcc/arm-none-eabi/11.3.1/../../../../arm-none-eabi/lib/thumb/v7e-m+fp/hard/libc_nano.a(libc_a-findfp.o) (__sread)
/opt/st/stm32cubeide_1.13.2_2/plugins/com.st.stm32cube.ide.mcu.externaltools.gnu-tools-for-stm32.11.3.rel1.linux64_1.1.1.202309131626/tools/bin/../lib/gcc/arm-none-eabi/11.3.1/../../../../arm-none-eabi/lib/thumb/v7e-m+fp/hard/libc_nano.a(libc_a-memset.o)
                              /opt/st/stm32cubeide_1.13.2_2/plugins/com.st.stm32cube.ide.mcu.externaltools.gnu-tools-for-stm32.11.3.rel1.linux64_1.1.1.202309131626/tools/bin/../lib/gcc/arm-none-eabi/11.3.1/../../../../arm-none-eabi/lib/thumb/v7e-m+fp/hard/crt0.o (memset)
/opt/st/stm32cubeide_1.13.2_2/plugins/com.st.stm32cube.ide.mcu.externaltools.gnu-tools-for-stm32.11.3.rel1.linux64_1.1.1.202309131626/tools/bin/../lib/gcc/arm-none-eabi/11.3.1/../../../../arm-none-eabi/lib/thumb/v7e-m+fp/hard/libc_nano.a(libc_a-closer.o)
                              /opt/st/stm32cubeide_1.13.2_2/plugins/com.st.stm32cube.ide.mcu.externaltools.gnu-tools-for-stm32.11.3.rel1.linux64_1.1.1.202309131626/tools/bin/../lib/gcc/arm-none-eabi/11.3.1/../../../../arm-none-eabi/lib/thumb/v7e-m+fp/hard/libc_nano.a(libc_a-stdio.o) (_close_r)
/opt/st/stm32cubeide_1.13.2_2/plugins/com.st.stm32cube.ide.mcu.externaltools.gnu-tools-for-stm32.11.3.rel1.linux64_1.1.1.202309131626/tools/bin/../lib/gcc/arm-none-eabi/11.3.1/../../../../arm-none-eabi/lib/thumb/v7e-m+fp/hard/libc_nano.a(libc_a-reent.o)
                              /opt/st/stm32cubeide_1.13.2_2/plugins/com.st.stm32cube.ide.mcu.externaltools.gnu-tools-for-stm32.11.3.rel1.linux64_1.1.1.202309131626/tools/bin/../lib/gcc/arm-none-eabi/11.3.1/../../../../arm-none-eabi/lib/thumb/v7e-m+fp/hard/libc_nano.a(libc_a-closer.o) (errno)
/opt/st/stm32cubeide_1.13.2_2/plugins/com.st.stm32cube.ide.mcu.externaltools.gnu-tools-for-stm32.11.3.rel1.linux64_1.1.1.202309131626/tools/bin/../lib/gcc/arm-none-eabi/11.3.1/../../../../arm-none-eabi/lib/thumb/v7e-m+fp/hard/libc_nano.a(libc_a-impure.o)
                              /opt/st/stm32cubeide_1.13.2_2/plugins/com.st.stm32cube.ide.mcu.externaltools.gnu-tools-for-stm32.11.3.rel1.linux64_1.1.1.202309131626/tools/bin/../lib/gcc/arm-none-eabi/11.3.1/../../../../arm-none-eabi/lib/thumb/v7e-m+fp/hard/libc_nano.a(libc_a-sprintf.o) (_impure_ptr)
[...]
Memory Configuration

Name             Origin             Length             Attributes
CCMRAM           0x0000000010000000 0x0000000000010000 xrw
RAM              0x0000000020000000 0x0000000000030000 xrw
FLASH            0x0000000008000000 0x0000000000200000 xr
*default*        0x0000000000000000 0xffffffffffffffff

Linker script and memory map

LOAD /opt/st/stm32cubeide_1.13.2_2/plugins/com.st.stm32cube.ide.mcu.externaltools.gnu-tools-for-stm32.11.3.rel1.linux64_1.1.1.202309131626/tools/bin/../lib/gcc/arm-none-eabi/11.3.1/thumb/v7e-m+fp/hard/crti.o
LOAD /opt/st/stm32cubeide_1.13.2_2/plugins/com.st.stm32cube.ide.mcu.externaltools.gnu-tools-for-stm32.11.3.rel1.linux64_1.1.1.202309131626/tools/bin/../lib/gcc/arm-none-eabi/11.3.1/thumb/v7e-m+fp/hard/crtbegin.o
LOAD /opt/st/stm32cubeide_1.13.2_2/plugins/com.st.stm32cube.ide.mcu.externaltools.gnu-tools-for-stm32.11.3.rel1.linux64_1.1.1.202309131626/tools/bin/../lib/gcc/arm-none-eabi/11.3.1/../../../../arm-none-eabi/lib/thumb/v7e-m+fp/hard/crt0.o
LOAD ./APP/main.o
LOAD ./APP/syscalls.o
LOAD ./APP/sysmem.o
LOAD ./ECUL/LCD/LCD.o
LOAD ./ECUL/LCD/LCD_config.o
LOAD ./MCAL/CAN/CAN.o
LOAD ./MCAL/CAN/CAN_config.o
LOAD ./MCAL/GPIO/GPIO.o
LOAD ./MCAL/NVIC/NVIC.o
LOAD ./MCAL/RCC/RCC.o
LOAD ./MCAL/SCB/SCB.o
LOAD ./MCAL/SYSTICK/SYSTICK.o
LOAD ./MCAL/UART/USART.o
LOAD ./MCAL/UART/USART_config.o
LOAD ./SERVICES/calculation_functions.o
LOAD ./Startup/startup_stm32f429zitx.o
START GROUP
LOAD /opt/st/stm32cubeide_1.13.2_2/plugins/com.st.stm32cube.ide.mcu.externaltools.gnu-tools-for-stm32.11.3.rel1.linux64_1.1.1.202309131626/tools/bin/../lib/gcc/arm-none-eabi/11.3.1/../../../../arm-none-eabi/lib/thumb/v7e-m+fp/hard/libc_nano.a
LOAD /opt/st/stm32cubeide_1.13.2_2/plugins/com.st.stm32cube.ide.mcu.externaltools.gnu-tools-for-stm32.11.3.rel1.linux64_1.1.1.202309131626/tools/bin/../lib/gcc/arm-none-eabi/11.3.1/../../../../arm-none-eabi/lib/thumb/v7e-m+fp/hard/libm.a
END GROUP
START GROUP
LOAD /opt/st/stm32cubeide_1.13.2_2/plugins/com.st.stm32cube.ide.mcu.externaltools.gnu-tools-for-stm32.11.3.rel1.linux64_1.1.1.202309131626/tools/bin/../lib/gcc/arm-none-eabi/11.3.1/thumb/v7e-m+fp/hard/libgcc.a
LOAD /opt/st/stm32cubeide_1.13.2_2/plugins/com.st.stm32cube.ide.mcu.externaltools.gnu-tools-for-stm32.11.3.rel1.linux64_1.1.1.202309131626/tools/bin/../lib/gcc/arm-none-eabi/11.3.1/../../../../arm-none-eabi/lib/thumb/v7e-m+fp/hard/libc_nano.a
END GROUP
START GROUP
LOAD /opt/st/stm32cubeide_1.13.2_2/plugins/com.st.stm32cube.ide.mcu.externaltools.gnu-tools-for-stm32.11.3.rel1.linux64_1.1.1.202309131626/tools/bin/../lib/gcc/arm-none-eabi/11.3.1/thumb/v7e-m+fp/hard/libgcc.a
LOAD /opt/st/stm32cubeide_1.13.2_2/plugins/com.st.stm32cube.ide.mcu.externaltools.gnu-tools-for-stm32.11.3.rel1.linux64_1.1.1.202309131626/tools/bin/../lib/gcc/arm-none-eabi/11.3.1/../../../../arm-none-eabi/lib/thumb/v7e-m+fp/hard/libc_nano.a
LOAD /opt/st/stm32cubeide_1.13.2_2/plugins/com.st.stm32cube.ide.mcu.externaltools.gnu-tools-for-stm32.11.3.rel1.linux64_1.1.1.202309131626/tools/bin/../lib/gcc/arm-none-eabi/11.3.1/../../../../arm-none-eabi/lib/thumb/v7e-m+fp/hard/libnosys.a
END GROUP
START GROUP
LOAD /opt/st/stm32cubeide_1.13.2_2/plugins/com.st.stm32cube.ide.mcu.externaltools.gnu-tools-for-stm32.11.3.rel1.linux64_1.1.1.202309131626/tools/bin/../lib/gcc/arm-none-eabi/11.3.1/thumb/v7e-m+fp/hard/libgcc.a
LOAD /opt/st/stm32cubeide_1.13.2_2/plugins/com.st.stm32cube.ide.mcu.externaltools.gnu-tools-for-stm32.11.3.rel1.linux64_1.1.1.202309131626/tools/bin/../lib/gcc/arm-none-eabi/11.3.1/../../../../arm-none-eabi/lib/thumb/v7e-m+fp/hard/libc_nano.a
LOAD /opt/st/stm32cubeide_1.13.2_2/plugins/com.st.stm32cube.ide.mcu.externaltools.gnu-tools-for-stm32.11.3.rel1.linux64_1.1.1.202309131626/tools/bin/../lib/gcc/arm-none-eabi/11.3.1/../../../../arm-none-eabi/lib/thumb/v7e-m+fp/hard/libnosys.a
END GROUP
LOAD /opt/st/stm32cubeide_1.13.2_2/plugins/com.st.stm32cube.ide.mcu.externaltools.gnu-tools-for-stm32.11.3.rel1.linux64_1.1.1.202309131626/tools/bin/../lib/gcc/arm-none-eabi/11.3.1/thumb/v7e-m+fp/hard/crtend.o
LOAD /opt/st/stm32cubeide_1.13.2_2/plugins/com.st.stm32cube.ide.mcu.externaltools.gnu-tools-for-stm32.11.3.rel1.linux64_1.1.1.202309131626/tools/bin/../lib/gcc/arm-none-eabi/11.3.1/thumb/v7e-m+fp/hard/crtn.o
                0x0000000020030000                _estack = (ORIGIN (RAM) + LENGTH (RAM))
                0x0000000000000200                _Min_Heap_Size = 0x200
                0x0000000000000400                _Min_Stack_Size = 0x400

.isr_vector     0x0000000008000000      0x1ac
                0x0000000008000000                . = ALIGN (0x4)
 *(.isr_vector)
 .isr_vector    0x0000000008000000      0x1ac ./Startup/startup_stm32f429zitx.o
                0x0000000008000000                g_pfnVectors
                0x00000000080001ac                . = ALIGN (0x4)

.text           0x00000000080001ac     0x2184
                0x00000000080001ac                . = ALIGN (0x4)
 *(.text)
 .text          0x00000000080001ac       0x40 /opt/st/stm32cubeide_1.13.2_2/plugins/com.st.stm32cube.ide.mcu.externaltools.gnu-tools-for-stm32.11.3.rel1.linux64_1.1.1.202309131626/tools/bin/../lib/gcc/arm-none-eabi/11.3.1/thumb/v7e-m+fp/hard/crtbegin.o
 .text          0x00000000080001ec      0x378 /opt/st/stm32cubeide_1.13.2_2/plugins/com.st.stm32cube.ide.mcu.externaltools.gnu-tools-for-stm32.11.3.rel1.linux64_1.1.1.202309131626/tools/bin/../lib/gcc/arm-none-eabi/11.3.1/thumb/v7e-m+fp/hard/libgcc.a(_arm_addsubdf3.o)
                0x00000000080001ec                __aeabi_drsub
                0x00000000080001f4                __aeabi_dsub
                0x00000000080001f4                __subdf3
                0x00000000080001f8                __adddf3
                0x00000000080001f8                __aeabi_dadd
                0x0000000008000470                __aeabi_ui2d
                0x0000000008000470                __floatunsidf
                0x0000000008000490                __floatsidf
                0x0000000008000490                __aeabi_i2d
                0x00000000080004b4                __extendsfdf2
                0x00000000080004b4                __aeabi_f2d
                0x00000000080004f8                __aeabi_ul2d
                0x00000000080004f8                __floatundidf
                0x0000000008000508                __floatdidf
                0x0000000008000508                __aeabi_l2d
 .text          0x0000000008000564      0x424 /opt/st/stm32cubeide_1.13.2_2/plugins/com.st.stm32cube.ide.mcu.externaltools.gnu-tools-for-stm32.11.3.rel1.linux64_1.1.1.202309131626/tools/bin/../lib/gcc/arm-none-eabi/11.3.1/thumb/v7e-m+fp/hard/libgcc.a(_arm_muldivdf3.o)
                0x0000000008000564                __aeabi_dmul
                0x0000000008000564                __muldf3
                0x00000000080007b8                __aeabi_ddiv
                0x00000000080007b8                __divdf3
 .text          0x0000000008000988       0x30 /opt/st/stm32cubeide_1.13.2_2/plugins/com.st.stm32cube.ide.mcu.externaltools.gnu-tools-for-stm32.11.3.rel1.linux64_1.1.1.202309131626/tools/bin/../lib/gcc/arm-none-eabi/11.3.1/thumb/v7e-m+fp/hard/libgcc.a(_aeabi_uldivmod.o)
                0x0000000008000988                __aeabi_uldivmod
 .text          0x00000000080009b8       0x3c /opt/st/stm32cubeide_1.13.2_2/plugins/com.st.stm32cube.ide.mcu.externaltools.gnu-tools-for-stm32.11.3.rel1.linux64_1.1.1.202309131626/tools/bin/../lib/gcc/arm-none-eabi/11.3.1/thumb/v7e-m+fp/hard/libgcc.a(_fixunsdfdi.o)
                0x00000000080009b8                __aeabi_d2ulz
                0x00000000080009b8                __fixunsdfdi
 .text          0x00000000080009f4      0x2c8 /opt/st/stm32cubeide_1.13.2_2/plugins/com.st.stm32cube.ide.mcu.externaltools.gnu-tools-for-stm32.11.3.rel1.linux64_1.1.1.202309131626/tools/bin/../lib/gcc/arm-none-eabi/11.3.1/thumb/v7e-m+fp/hard/libgcc.a(_udivmoddi4.o)
                0x00000000080009f4                __udivmoddi4
 .text          0x0000000008000cbc        0x4 /opt/st/stm32cubeide_1.13.2_2/plugins/com.st.stm32cube.ide.mcu.externaltools.gnu-tools-for-stm32.11.3.rel1.linux64_1.1.1.202309131626/tools/bin/../lib/gcc/arm-none-eabi/11.3.1/thumb/v7e-m+fp/hard/libgcc.a(_dvmd_tls.o)
                0x0000000008000cbc                __aeabi_ldiv0
                0x0000000008000cbc                __aeabi_idiv0
 .text          0x0000000008000cc0       0x40 /opt/st/stm32cubeide_1.13.2_2/plugins/com.st.stm32cube.ide.mcu.externaltools.gnu-tools-for-stm32.11.3.rel1.linux64_1.1.1.202309131626/tools/bin/../lib/gcc/arm-none-eabi/11.3.1/thumb/v7e-m+fp/hard/libgcc.a(_arm_fixunsdfsi.o)
                0x0000000008000cc0                __fixunsdfsi
                0x0000000008000cc0                __aeabi_d2uiz
 *(.text*)
 .text.Usart_Isr
                0x0000000008000d00       0x2c ./APP/main.o
                0x0000000008000d00                Usart_Isr
 .text.main     0x0000000008000d2c       0x68 ./APP/main.o
                0x0000000008000d2c                main
 .text.Gpio_enuInit
                0x0000000008000d94      0x158 ./MCAL/GPIO/GPIO.o
                0x0000000008000d94                Gpio_enuInit
 .text.Gpio_enuFlipChannel
                0x0000000008000eec       0x5c ./MCAL/GPIO/GPIO.o
                0x0000000008000eec                Gpio_enuFlipChannel
 .text.Gpio_enuClearPinChannelAtomic
                0x0000000008000f48       0x50 ./MCAL/GPIO/GPIO.o
                0x0000000008000f48                Gpio_enuClearPinChannelAtomic
 .text.Gpio_enuSetAF
                0x0000000008000f98       0xbc ./MCAL/GPIO/GPIO.o
                0x0000000008000f98                Gpio_enuSetAF
 .text.Gpio_enuEnableClockAllGPIOs
                0x0000000008001054       0x78 ./MCAL/GPIO/GPIO.o
                0x0000000008001054                Gpio_enuEnableClockAllGPIOs
 .text.Nvic_enuEnableInterrupt
                0x00000000080010cc       0x50 ./MCAL/NVIC/NVIC.o
                0x00000000080010cc                Nvic_enuEnableInterrupt
 .text.Nvic_SetInterruptPriority
                0x000000000800111c       0xb8 ./MCAL/NVIC/NVIC.o
                0x000000000800111c                Nvic_SetInterruptPriority
 .text.Rcc_enuEnableClock
                0x00000000080011d4      0x13c ./MCAL/RCC/RCC.o
                0x00000000080011d4                Rcc_enuEnableClock
 .text.Rcc_enuDisableClock
                0x0000000008001310       0x8c ./MCAL/RCC/RCC.o
                0x0000000008001310                Rcc_enuDisableClock
 .text.Rcc_enuConfigPLL
                0x000000000800139c      0x18c ./MCAL/RCC/RCC.o
                0x000000000800139c                Rcc_enuConfigPLL
 .text.Rcc_enuInitMCO2
                0x0000000008001528       0x50 ./MCAL/RCC/RCC.o
                0x0000000008001528                Rcc_enuInitMCO2
 .text.Rcc_enuSelectAPB2Prescaler
                0x0000000008001578       0x5c ./MCAL/RCC/RCC.o
                0x0000000008001578                Rcc_enuSelectAPB2Prescaler
 .text.Rcc_enuSelectAPB1Prescaler
                0x00000000080015d4       0x60 ./MCAL/RCC/RCC.o
                0x00000000080015d4                Rcc_enuSelectAPB1Prescaler
 .text.Rcc_enuSelectAHBPrescaler
                0x0000000008001634       0x54 ./MCAL/RCC/RCC.o
                0x0000000008001634                Rcc_enuSelectAHBPrescaler
 .text.Rcc_enuSelectSystemClkSource
                0x0000000008001688       0xa8 ./MCAL/RCC/RCC.o
                0x0000000008001688                Rcc_enuSelectSystemClkSource
 .text.Rcc_enuEnablePeripheralClk
                0x0000000008001730       0x64 ./MCAL/RCC/RCC.o
                0x0000000008001730                Rcc_enuEnablePeripheralClk
 .text.Rcc_enuConfigPLLI2S
                0x0000000008001794       0x90 ./MCAL/RCC/RCC.o
                0x0000000008001794                Rcc_enuConfigPLLI2S
 .text.Rcc_enuConfigPLLSAI
                0x0000000008001824      0x108 ./MCAL/RCC/RCC.o
                0x0000000008001824                Rcc_enuConfigPLLSAI
 .text.Rcc_enuInit
                0x000000000800192c      0x15a ./MCAL/RCC/RCC.o
                0x000000000800192c                Rcc_enuInit
 *fill*         0x0000000008001a86        0x2 
 .text.Scb_enuSetGroupPrioirty
                0x0000000008001a88       0x40 ./MCAL/SCB/SCB.o
                0x0000000008001a88                Scb_enuSetGroupPrioirty
 .text.Systick_enuInit
                0x0000000008001ac8       0x84 ./MCAL/SYSTICK/SYSTICK.o
                0x0000000008001ac8                Systick_enuInit
 .text.SysTick_Handler
                0x0000000008001b4c       0x44 ./MCAL/SYSTICK/SYSTICK.o
                0x0000000008001b4c                SysTick_Handler
 .text.Usart_enuSetBaudrate
                0x0000000008001b90      0x2f4 ./MCAL/UART/USART.o
 .text.Usart_enuEnableRccClock
                0x0000000008001e84       0x9c ./MCAL/UART/USART.o
 .text.Usart_enuInit
                0x0000000008001f20      0x23c ./MCAL/UART/USART.o
                0x0000000008001f20                Usart_enuInit
 .text.Usart_enuEnableRxInterrupt
                0x000000000800215c       0x4c ./MCAL/UART/USART.o
                0x000000000800215c                Usart_enuEnableRxInterrupt
 .text.Usart_enuSetCallbackRxFunction
                0x00000000080021a8       0x40 ./MCAL/UART/USART.o
                0x00000000080021a8                Usart_enuSetCallbackRxFunction
 .text.USART1_IRQHandler
                0x00000000080021e8       0x94 ./MCAL/UART/USART.o
                0x00000000080021e8                USART1_IRQHandler
 .text.Reset_Handler
                0x000000000800227c       0x50 ./Startup/startup_stm32f429zitx.o
                0x000000000800227c                Reset_Handler
 .text.Default_Handler
                0x00000000080022cc        0x2 ./Startup/startup_stm32f429zitx.o
                0x00000000080022cc                RTC_Alarm_IRQHandler
                0x00000000080022cc                HASH_RNG_IRQHandler
                0x00000000080022cc                EXTI2_IRQHandler
                0x00000000080022cc                TIM8_CC_IRQHandler
                0x00000000080022cc                DebugMon_Handler
                0x00000000080022cc                UART8_IRQHandler
                0x00000000080022cc                SPI4_IRQHandler
                0x00000000080022cc                TIM1_CC_IRQHandler
                0x00000000080022cc                DMA2_Stream5_IRQHandler
                0x00000000080022cc                HardFault_Handler
                0x00000000080022cc                DMA1_Stream5_IRQHandler
                0x00000000080022cc                PVD_IRQHandler
                0x00000000080022cc                SDIO_IRQHandler
                0x00000000080022cc                TAMP_STAMP_IRQHandler
                0x00000000080022cc                PendSV_Handler
                0x00000000080022cc                NMI_Handler
                0x00000000080022cc                CAN2_RX1_IRQHandler
                0x00000000080022cc                EXTI3_IRQHandler
                0x00000000080022cc                TIM8_TRG_COM_TIM14_IRQHandler
                0x00000000080022cc                TIM1_UP_TIM10_IRQHandler
                0x00000000080022cc                TIM8_UP_TIM13_IRQHandler
                0x00000000080022cc                I2C3_ER_IRQHandler
                0x00000000080022cc                LCD_TFT_IRQHandler
                0x00000000080022cc                EXTI0_IRQHandler
                0x00000000080022cc                I2C2_EV_IRQHandler
                0x00000000080022cc                DMA1_Stream2_IRQHandler
                0x00000000080022cc                CAN1_RX0_IRQHandler
                0x00000000080022cc                FPU_IRQHandler
                0x00000000080022cc                OTG_HS_WKUP_IRQHandler
                0x00000000080022cc                UsageFault_Handler
                0x00000000080022cc                CAN2_SCE_IRQHandler
                0x00000000080022cc                DMA2_Stream2_IRQHandler
                0x00000000080022cc                SPI1_IRQHandler
                0x00000000080022cc                TIM6_DAC_IRQHandler
                0x00000000080022cc                TIM1_BRK_TIM9_IRQHandler
                0x00000000080022cc                DCMI_IRQHandler
                0x00000000080022cc                CAN2_RX0_IRQHandler
                0x00000000080022cc                DMA2_Stream3_IRQHandler
                0x00000000080022cc                USART6_IRQHandler
                0x00000000080022cc                USART3_IRQHandler
                0x00000000080022cc                CRYP_IRQHandler
                0x00000000080022cc                CAN1_RX1_IRQHandler
                0x00000000080022cc                UART5_IRQHandler
                0x00000000080022cc                DMA2_Stream0_IRQHandler
                0x00000000080022cc                TIM4_IRQHandler
                0x00000000080022cc                I2C1_EV_IRQHandler
                0x00000000080022cc                DMA1_Stream6_IRQHandler
                0x00000000080022cc                DMA1_Stream1_IRQHandler
                0x00000000080022cc                UART4_IRQHandler
                0x00000000080022cc                LCD_TFT_1_IRQHandler
                0x00000000080022cc                TIM3_IRQHandler
                0x00000000080022cc                RCC_IRQHandler
                0x00000000080022cc                TIM8_BRK_TIM12_IRQHandler
                0x00000000080022cc                Default_Handler
                0x00000000080022cc                EXTI15_10_IRQHandler
                0x00000000080022cc                ADC_IRQHandler
                0x00000000080022cc                DMA1_Stream7_IRQHandler
                0x00000000080022cc                SPI5_IRQHandler
                0x00000000080022cc                TIM7_IRQHandler
                0x00000000080022cc                CAN2_TX_IRQHandler
                0x00000000080022cc                TIM5_IRQHandler
                0x00000000080022cc                DMA2_Stream7_IRQHandler
                0x00000000080022cc                I2C3_EV_IRQHandler
                0x00000000080022cc                EXTI9_5_IRQHandler
                0x00000000080022cc                RTC_WKUP_IRQHandler
                0x00000000080022cc                ETH_WKUP_IRQHandler
                0x00000000080022cc                SPI2_IRQHandler
                0x00000000080022cc                OTG_HS_EP1_IN_IRQHandler
                0x00000000080022cc                MemManage_Handler
                0x00000000080022cc                DMA1_Stream0_IRQHandler
                0x00000000080022cc                CAN1_TX_IRQHandler
                0x00000000080022cc                SVC_Handler
                0x00000000080022cc                EXTI4_IRQHandler
                0x00000000080022cc                ETH_IRQHandler
                0x00000000080022cc                OTG_HS_EP1_OUT_IRQHandler
                0x00000000080022cc                WWDG_IRQHandler
                0x00000000080022cc                SPI6_IRQHandler
                0x00000000080022cc                TIM2_IRQHandler
                0x00000000080022cc                OTG_FS_WKUP_IRQHandler
                0x00000000080022cc                TIM1_TRG_COM_TIM11_IRQHandler
                0x00000000080022cc                OTG_HS_IRQHandler
                0x00000000080022cc                DMA2D_IRQHandler
                0x00000000080022cc                EXTI1_IRQHandler
                0x00000000080022cc                UART7_IRQHandler
                0x00000000080022cc                USART2_IRQHandler
                0x00000000080022cc                I2C2_ER_IRQHandler
                0x00000000080022cc                DMA2_Stream1_IRQHandler
                0x00000000080022cc                CAN1_SCE_IRQHandler
                0x00000000080022cc                FLASH_IRQHandler
                0x00000000080022cc                DMA2_Stream4_IRQHandler
                0x00000000080022cc                BusFault_Handler
                0x00000000080022cc                OTG_FS_IRQHandler
                0x00000000080022cc                SPI3_IRQHandler
                0x00000000080022cc                DMA1_Stream4_IRQHandler
                0x00000000080022cc                I2C1_ER_IRQHandler
                0x00000000080022cc                FMC_IRQHandler
                0x00000000080022cc                DMA2_Stream6_IRQHandler
                0x00000000080022cc                SAI1_IRQHandler
                0x00000000080022cc                DMA1_Stream3_IRQHandler
 *fill*         0x00000000080022ce        0x2 
 .text.__libc_init_array
                0x00000000080022d0       0x48 /opt/st/stm32cubeide_1.13.2_2/plugins/com.st.stm32cube.ide.mcu.externaltools.gnu-tools-for-stm32.11.3.rel1.linux64_1.1.1.202309131626/tools/bin/../lib/gcc/arm-none-eabi/11.3.1/../../../../arm-none-eabi/lib/thumb/v7e-m+fp/hard/libc_nano.a(libc_a-init.o)
                0x00000000080022d0                __libc_init_array
 *(.glue_7)
 .glue_7        0x0000000008002318        0x0 linker stubs
 *(.glue_7t)
 .glue_7t       0x0000000008002318        0x0 linker stubs
 *(.eh_frame)
 .eh_frame      0x0000000008002318        0x0 /opt/st/stm32cubeide_1.13.2_2/plugins/com.st.stm32cube.ide.mcu.externaltools.gnu-tools-for-stm32.11.3.rel1.linux64_1.1.1.202309131626/tools/bin/../lib/gcc/arm-none-eabi/11.3.1/thumb/v7e-m+fp/hard/crtbegin.o
 *(.init)
 .init          0x0000000008002318        0x4 /opt/st/stm32cubeide_1.13.2_2/plugins/com.st.stm32cube.ide.mcu.externaltools.gnu-tools-for-stm32.11.3.rel1.linux64_1.1.1.202309131626/tools/bin/../lib/gcc/arm-none-eabi/11.3.1/thumb/v7e-m+fp/hard/crti.o
                0x0000000008002318                _init
 .init          0x000000000800231c        0x8 /opt/st/stm32cubeide_1.13.2_2/plugins/com.st.stm32cube.ide.mcu.externaltools.gnu-tools-for-stm32.11.3.rel1.linux64_1.1.1.202309131626/tools/bin/../lib/gcc/arm-none-eabi/11.3.1/thumb/v7e-m+fp/hard/crtn.o
 *(.fini)
 .fini          0x0000000008002324        0x4 /opt/st/stm32cubeide_1.13.2_2/plugins/com.st.stm32cube.ide.mcu.externaltools.gnu-tools-for-stm32.11.3.rel1.linux64_1.1.1.202309131626/tools/bin/../lib/gcc/arm-none-eabi/11.3.1/thumb/v7e-m+fp/hard/crti.o
                0x0000000008002324                _fini
 .fini          0x0000000008002328        0x8 /opt/st/stm32cubeide_1.13.2_2/plugins/com.st.stm32cube.ide.mcu.externaltools.gnu-tools-for-stm32.11.3.rel1.linux64_1.1.1.202309131626/tools/bin/../lib/gcc/arm-none-eabi/11.3.1/thumb/v7e-m+fp/hard/crtn.o
                0x0000000008002330                . = ALIGN (0x4)
                0x0000000008002330                _etext = .

.vfp11_veneer   0x0000000008002330        0x0
 .vfp11_veneer  0x0000000008002330        0x0 linker stubs

.v4_bx          0x0000000008002330        0x0
 .v4_bx         0x0000000008002330        0x0 linker stubs

.iplt           0x0000000008002330        0x0
 .iplt          0x0000000008002330        0x0 /opt/st/stm32cubeide_1.13.2_2/plugins/com.st.stm32cube.ide.mcu.externaltools.gnu-tools-for-stm32.11.3.rel1.linux64_1.1.1.202309131626/tools/bin/../lib/gcc/arm-none-eabi/11.3.1/thumb/v7e-m+fp/hard/crtbegin.o

.rodata         0x0000000008002330        0x0
                0x0000000008002330                . = ALIGN (0x4)
 *(.rodata)
 *(.rodata*)
                0x0000000008002330                . = ALIGN (0x4)

.ARM.extab      0x0000000008002330        0x0
                0x0000000008002330                . = ALIGN (0x4)
 *(.ARM.extab* .gnu.linkonce.armextab.*)
                0x0000000008002330                . = ALIGN (0x4)

.ARM            0x0000000008002330        0x8
                0x0000000008002330                . = ALIGN (0x4)
                0x0000000008002330                __exidx_start = .
 *(.ARM.exidx*)
 .ARM.exidx     0x0000000008002330        0x8 /opt/st/stm32cubeide_1.13.2_2/plugins/com.st.stm32cube.ide.mcu.externaltools.gnu-tools-for-stm32.11.3.rel1.linux64_1.1.1.202309131626/tools/bin/../lib/gcc/arm-none-eabi/11.3.1/thumb/v7e-m+fp/hard/libgcc.a(_udivmoddi4.o)
                0x0000000008002338                __exidx_end = .
                0x0000000008002338                . = ALIGN (0x4)

.rel.dyn        0x0000000008002338        0x0
 .rel.iplt      0x0000000008002338        0x0 /opt/st/stm32cubeide_1.13.2_2/plugins/com.st.stm32cube.ide.mcu.externaltools.gnu-tools-for-stm32.11.3.rel1.linux64_1.1.1.202309131626/tools/bin/../lib/gcc/arm-none-eabi/11.3.1/thumb/v7e-m+fp/hard/crtbegin.o

.preinit_array  0x0000000008002338        0x0
                0x0000000008002338                . = ALIGN (0x4)
                0x0000000008002338                PROVIDE (__preinit_array_start = .)
 *(.preinit_array*)
                0x0000000008002338                PROVIDE (__preinit_array_end = .)
                0x0000000008002338                . = ALIGN (0x4)

.init_array     0x0000000008002338        0x4
                0x0000000008002338                . = ALIGN (0x4)
                0x0000000008002338                PROVIDE (__init_array_start = .)
 *(SORT_BY_NAME(.init_array.*))
 *(.init_array*)
 .init_array    0x0000000008002338        0x4 /opt/st/stm32cubeide_1.13.2_2/plugins/com.st.stm32cube.ide.mcu.externaltools.gnu-tools-for-stm32.11.3.rel1.linux64_1.1.1.202309131626/tools/bin/../lib/gcc/arm-none-eabi/11.3.1/thumb/v7e-m+fp/hard/crtbegin.o
                0x000000000800233c                PROVIDE (__init_array_end = .)
                0x000000000800233c                . = ALIGN (0x4)

.fini_array     0x000000000800233c        0x4
                0x000000000800233c                . = ALIGN (0x4)
                [!provide]                        PROVIDE (__fini_array_start = .)
 *(SORT_BY_NAME(.fini_array.*))
 *(.fini_array*)
 .fini_array    0x000000000800233c        0x4 /opt/st/stm32cubeide_1.13.2_2/plugins/com.st.stm32cube.ide.mcu.externaltools.gnu-tools-for-stm32.11.3.rel1.linux64_1.1.1.202309131626/tools/bin/../lib/gcc/arm-none-eabi/11.3.1/thumb/v7e-m+fp/hard/crtbegin.o
                [!provide]                        PROVIDE (__fini_array_end = .)
                0x0000000008002340                . = ALIGN (0x4)
                0x0000000008002340                _sidata = LOADADDR (.data)

.data           0x0000000020000000      0x1e8 load address 0x0000000008002340
                0x0000000020000000                . = ALIGN (0x4)
                0x0000000020000000                _sdata = .
 *(.data)
 *(.data*)
 .data.rcc      0x0000000020000000       0x18 ./APP/main.o
                0x0000000020000000                rcc
 .data.Usart1   0x0000000020000018       0x18 ./APP/main.o
                0x0000000020000018                Usart1
 .data.Global_ModeArr
                0x0000000020000030       0x20 ./MCAL/GPIO/GPIO.o
 .data.Global_OutputTypeArr
                0x0000000020000050       0x20 ./MCAL/GPIO/GPIO.o
 .data.Global_OutputSpeedArr
                0x0000000020000070       0x20 ./MCAL/GPIO/GPIO.o
 .data.Global_PUPDArr
                0x0000000020000090       0x20 ./MCAL/GPIO/GPIO.o
 .data.Global_OdreArr
                0x00000000200000b0       0x20 ./MCAL/GPIO/GPIO.o
 .data.Global_BsrrArr
                0x00000000200000d0       0x20 ./MCAL/GPIO/GPIO.o
 .data.Global_AFLowArr
                0x00000000200000f0       0x20 ./MCAL/GPIO/GPIO.o
 .data.Global_AFHighArr
                0x0000000020000110       0x20 ./MCAL/GPIO/GPIO.o
 .data.GlobalStatic_NvicIsrEnableArr
                0x0000000020000130       0x20 ./MCAL/NVIC/NVIC.o
 .data.Global_PeripheralClkRegEnArr
                0x0000000020000150       0x14 ./MCAL/RCC/RCC.o
 .data.Global_u16AHBPrescalerValuesArr
                0x0000000020000164       0x20 ./MCAL/RCC/RCC.o
 .data.Global_u16APBPrescalerValuesArr
                0x0000000020000184       0x20 ./MCAL/RCC/RCC.o
 *fill*         0x00000000200001a4        0x4 
 .data.Global_u64SystemFreq
                0x00000000200001a8        0x8 ./MCAL/RCC/RCC.o
                0x00000000200001a8                Global_u64SystemFreq
 .data.Global_u64AHBFreq
                0x00000000200001b0        0x8 ./MCAL/RCC/RCC.o
                0x00000000200001b0                Global_u64AHBFreq
 .data.Global_u64ABP1Freq
                0x00000000200001b8        0x8 ./MCAL/RCC/RCC.o
                0x00000000200001b8                Global_u64ABP1Freq
 .data.Global_u64ABP2Freq
                0x00000000200001c0        0x8 ./MCAL/RCC/RCC.o
                0x00000000200001c0                Global_u64ABP2Freq
 .data.uartArr  0x00000000200001c8       0x20 ./MCAL/UART/USART.o
 *(.RamFunc)
 *(.RamFunc*)
                0x00000000200001e8                . = ALIGN (0x4)
                0x00000000200001e8                _edata = .
                0x0000000008002528                _siccmram = LOADADDR (.ccmram)

.igot.plt       0x00000000200001e8        0x0 load address 0x0000000008002528
 .igot.plt      0x00000000200001e8        0x0 /opt/st/stm32cubeide_1.13.2_2/plugins/com.st.stm32cube.ide.mcu.externaltools.gnu-tools-for-stm32.11.3.rel1.linux64_1.1.1.202309131626/tools/bin/../lib/gcc/arm-none-eabi/11.3.1/thumb/v7e-m+fp/hard/crtbegin.o

.ccmram         0x0000000010000000        0x0 load address 0x0000000008002528
                0x0000000010000000                . = ALIGN (0x4)
                0x0000000010000000                _sccmram = .
 *(.ccmram)
 *(.ccmram*)
                0x0000000010000000                . = ALIGN (0x4)
                0x0000000010000000                _eccmram = .
                0x0000000010000000                . = ALIGN (0x4)

.bss            0x00000000200001e8       0x90
                0x00000000200001e8                _sbss = .
                0x00000000200001e8                __bss_start__ = _sbss
 *(.bss)
 .bss           0x00000000200001e8       0x1c /opt/st/stm32cubeide_1.13.2_2/plugins/com.st.stm32cube.ide.mcu.externaltools.gnu-tools-for-stm32.11.3.rel1.linux64_1.1.1.202309131626/tools/bin/../lib/gcc/arm-none-eabi/11.3.1/thumb/v7e-m+fp/hard/crtbegin.o
 *(.bss*)
 .bss.Global_u16StaticPLL_M
                0x0000000020000204        0x2 ./MCAL/RCC/RCC.o
 .bss.Global_u16StaticPLL_N
                0x0000000020000206        0x2 ./MCAL/RCC/RCC.o
 .bss.Global_u16StaticPLL_P
                0x0000000020000208        0x2 ./MCAL/RCC/RCC.o
 .bss.Global_u16StaticPLL_Q
                0x000000002000020a        0x2 ./MCAL/RCC/RCC.o
 *fill*         0x000000002000020c        0x4 
 .bss.Global_u64StaticPLL_Freq
                0x0000000020000210        0x8 ./MCAL/RCC/RCC.o
 .bss.Global_GroupPrioritySelection
                0x0000000020000218        0x1 ./MCAL/SCB/SCB.o
                0x0000000020000218                Global_GroupPrioritySelection
 .bss.Global_u8TimerTypeFlag
                0x0000000020000219        0x1 ./MCAL/SYSTICK/SYSTICK.o
 *fill*         0x000000002000021a        0x6 
 .bss.Global_f64TimeOverflow
                0x0000000020000220        0x8 ./MCAL/SYSTICK/SYSTICK.o
 .bss.Systick_OverflowInterruptHandler
                0x0000000020000228        0x4 ./MCAL/SYSTICK/SYSTICK.o
 *fill*         0x000000002000022c        0x4 
 .bss.GlobalStatic_u64SystickFreq
                0x0000000020000230        0x8 ./MCAL/SYSTICK/SYSTICK.o
 .bss.Usart_RxInterruptHandler
                0x0000000020000238       0x20 ./MCAL/UART/USART.o
 .bss.Usart_TxCompleteInterruptHandler
                0x0000000020000258       0x20 ./MCAL/UART/USART.o
 *(COMMON)
                0x0000000020000278                . = ALIGN (0x4)
                0x0000000020000278                _ebss = .
                0x0000000020000278                __bss_end__ = _ebss

._user_heap_stack
                0x0000000020000278      0x600
                0x0000000020000278                . = ALIGN (0x8)
                [!provide]                        PROVIDE (end = .)
                0x0000000020000278                PROVIDE (_end = .)
                0x0000000020000478                . = (. + _Min_Heap_Size)
 *fill*         0x0000000020000278      0x200 
                0x0000000020000878                . = (. + _Min_Stack_Size)
 *fill*         0x0000000020000478      0x400 
                0x0000000020000878                . = ALIGN (0x8)

/DISCARD/
 libc.a(*)
 libm.a(*)
 libgcc.a(*)

.ARM.attributes
                0x0000000000000000       0x30
 *(.ARM.attributes)
 .ARM.attributes
                0x0000000000000000       0x1e /opt/st/stm32cubeide_1.13.2_2/plugins/com.st.stm32cube.ide.mcu.externaltools.gnu-tools-for-stm32.11.3.rel1.linux64_1.1.1.202309131626/tools/bin/../lib/gcc/arm-none-eabi/11.3.1/thumb/v7e-m+fp/hard/crti.o
 .ARM.attributes
                0x000000000000001e       0x34 /opt/st/stm32cubeide_1.13.2_2/plugins/com.st.stm32cube.ide.mcu.externaltools.gnu-tools-for-stm32.11.3.rel1.linux64_1.1.1.202309131626/tools/bin/../lib/gcc/arm-none-eabi/11.3.1/thumb/v7e-m+fp/hard/crtbegin.o
 .ARM.attributes
                0x0000000000000052       0x34 ./APP/main.o
 .ARM.attributes
                0x0000000000000086       0x34 ./MCAL/GPIO/GPIO.o
 .ARM.attributes
                0x00000000000000ba       0x34 ./MCAL/NVIC/NVIC.o
 .ARM.attributes
                0x00000000000000ee       0x34 ./MCAL/RCC/RCC.o
 .ARM.attributes
                0x0000000000000122       0x34 ./MCAL/SCB/SCB.o
 .ARM.attributes
                0x0000000000000156       0x34 ./MCAL/SYSTICK/SYSTICK.o
 .ARM.attributes
                0x000000000000018a       0x34 ./MCAL/UART/USART.o
 .ARM.attributes
                0x00000000000001be       0x21 ./Startup/startup_stm32f429zitx.o
 .ARM.attributes
                0x00000000000001df       0x34 /opt/st/stm32cubeide_1.13.2_2/plugins/com.st.stm32cube.ide.mcu.externaltools.gnu-tools-for-stm32.11.3.rel1.linux64_1.1.1.202309131626/tools/bin/../lib/gcc/arm-none-eabi/11.3.1/../../../../arm-none-eabi/lib/thumb/v7e-m+fp/hard/libc_nano.a(libc_a-init.o)
 .ARM.attributes
                0x0000000000000213       0x1e /opt/st/stm32cubeide_1.13.2_2/plugins/com.st.stm32cube.ide.mcu.externaltools.gnu-tools-for-stm32.11.3.rel1.linux64_1.1.1.202309131626/tools/bin/../lib/gcc/arm-none-eabi/11.3.1/thumb/v7e-m+fp/hard/libgcc.a(_arm_addsubdf3.o)
 .ARM.attributes
                0x0000000000000231       0x1e /opt/st/stm32cubeide_1.13.2_2/plugins/com.st.stm32cube.ide.mcu.externaltools.gnu-tools-for-stm32.11.3.rel1.linux64_1.1.1.202309131626/tools/bin/../lib/gcc/arm-none-eabi/11.3.1/thumb/v7e-m+fp/hard/libgcc.a(_arm_muldivdf3.o)
 .ARM.attributes
                0x000000000000024f       0x1e /opt/st/stm32cubeide_1.13.2_2/plugins/com.st.stm32cube.ide.mcu.externaltools.gnu-tools-for-stm32.11.3.rel1.linux64_1.1.1.202309131626/tools/bin/../lib/gcc/arm-none-eabi/11.3.1/thumb/v7e-m+fp/hard/libgcc.a(_aeabi_uldivmod.o)
 .ARM.attributes
                0x000000000000026d       0x34 /opt/st/stm32cubeide_1.13.2_2/plugins/com.st.stm32cube.ide.mcu.externaltools.gnu-tools-for-stm32.11.3.rel1.linux64_1.1.1.202309131626/tools/bin/../lib/gcc/arm-none-eabi/11.3.1/thumb/v7e-m+fp/hard/libgcc.a(_fixunsdfdi.o)
 .ARM.attributes
                0x00000000000002a1       0x34 /opt/st/stm32cubeide_1.13.2_2/plugins/com.st.stm32cube.ide.mcu.externaltools.gnu-tools-for-stm32.11.3.rel1.linux64_1.1.1.202309131626/tools/bin/../lib/gcc/arm-none-eabi/11.3.1/thumb/v7e-m+fp/hard/libgcc.a(_udivmoddi4.o)
 .ARM.attributes
                0x00000000000002d5       0x1e /opt/st/stm32cubeide_1.13.2_2/plugins/com.st.stm32cube.ide.mcu.externaltools.gnu-tools-for-stm32.11.3.rel1.linux64_1.1.1.202309131626/tools/bin/../lib/gcc/arm-none-eabi/11.3.1/thumb/v7e-m+fp/hard/libgcc.a(_dvmd_tls.o)
 .ARM.attributes
                0x00000000000002f3       0x1e /opt/st/stm32cubeide_1.13.2_2/plugins/com.st.stm32cube.ide.mcu.externaltools.gnu-tools-for-stm32.11.3.rel1.linux64_1.1.1.202309131626/tools/bin/../lib/gcc/arm-none-eabi/11.3.1/thumb/v7e-m+fp/hard/libgcc.a(_arm_fixunsdfsi.o)
 .ARM.attributes
                0x0000000000000311       0x1e /opt/st/stm32cubeide_1.13.2_2/plugins/com.st.stm32cube.ide.mcu.externaltools.gnu-tools-for-stm32.11.3.rel1.linux64_1.1.1.202309131626/tools/bin/../lib/gcc/arm-none-eabi/11.3.1/thumb/v7e-m+fp/hard/crtn.o
OUTPUT(STM32F429.elf elf32-littlearm)
LOAD linker stubs
LOAD /opt/st/stm32cubeide_1.13.2_2/plugins/com.st.stm32cube.ide.mcu.externaltools.gnu-tools-for-stm32.11.3.rel1.linux64_1.1.1.202309131626/tools/bin/../lib/gcc/arm-none-eabi/11.3.1/../../../../arm-none-eabi/lib/thumb/v7e-m+fp/hard/libc.a
LOAD /opt/st/stm32cubeide_1.13.2_2/plugins/com.st.stm32cube.ide.mcu.externaltools.gnu-tools-for-stm32.11.3.rel1.linux64_1.1.1.202309131626/tools/bin/../lib/gcc/arm-none-eabi/11.3.1/../../../../arm-none-eabi/lib/thumb/v7e-m+fp/hard/libm.a
LOAD /opt/st/stm32cubeide_1.13.2_2/plugins/com.st.stm32cube.ide.mcu.externaltools.gnu-tools-for-stm32.11.3.rel1.linux64_1.1.1.202309131626/tools/bin/../lib/gcc/arm-none-eabi/11.3.1/thumb/v7e-m+fp/hard/libgcc.a

.comment        0x0000000000000000       0x43
 .comment       0x0000000000000000       0x43 /opt/st/stm32cubeide_1.13.2_2/plugins/com.st.stm32cube.ide.mcu.externaltools.gnu-tools-for-stm32.11.3.rel1.linux64_1.1.1.202309131626/tools/bin/../lib/gcc/arm-none-eabi/11.3.1/thumb/v7e-m+fp/hard/crtbegin.o
                                         0x44 (size before relaxing)
 .comment       0x0000000000000043       0x44 ./APP/main.o
 .comment       0x0000000000000043       0x44 ./MCAL/GPIO/GPIO.o
 .comment       0x0000000000000043       0x44 ./MCAL/NVIC/NVIC.o
 .comment       0x0000000000000043       0x44 ./MCAL/RCC/RCC.o
 .comment       0x0000000000000043       0x44 ./MCAL/SCB/SCB.o
 .comment       0x0000000000000043       0x44 ./MCAL/SYSTICK/SYSTICK.o
 .comment       0x0000000000000043       0x44 ./MCAL/UART/USART.o

.debug_info     0x0000000000000000     0x3e87
 .debug_info    0x0000000000000000      0xfdd ./APP/main.o
 .debug_info    0x0000000000000fdd      0xa95 ./MCAL/GPIO/GPIO.o
 .debug_info    0x0000000000001a72      0x6d1 ./MCAL/NVIC/NVIC.o
 .debug_info    0x0000000000002143      0xf88 ./MCAL/RCC/RCC.o
 .debug_info    0x00000000000030cb      0x118 ./MCAL/SCB/SCB.o
 .debug_info    0x00000000000031e3      0x363 ./MCAL/SYSTICK/SYSTICK.o
 .debug_info    0x0000000000003546      0x91e ./MCAL/UART/USART.o
 .debug_info    0x0000000000003e64       0x23 ./Startup/startup_stm32f429zitx.o

.debug_abbrev   0x0000000000000000      0xa1a
 .debug_abbrev  0x0000000000000000      0x1b9 ./APP/main.o
 .debug_abbrev  0x00000000000001b9      0x1d3 ./MCAL/GPIO/GPIO.o
 .debug_abbrev  0x000000000000038c       0xf1 ./MCAL/NVIC/NVIC.o
 .debug_abbrev  0x000000000000047d      0x1e7 ./MCAL/RCC/RCC.o
 .debug_abbrev  0x0000000000000664       0xb1 ./MCAL/SCB/SCB.o
 .debug_abbrev  0x0000000000000715      0x114 ./MCAL/SYSTICK/SYSTICK.o
 .debug_abbrev  0x0000000000000829      0x1df ./MCAL/UART/USART.o
 .debug_abbrev  0x0000000000000a08       0x12 ./Startup/startup_stm32f429zitx.o

.debug_aranges  0x0000000000000000      0x330
 .debug_aranges
                0x0000000000000000       0x28 ./APP/main.o
 .debug_aranges
                0x0000000000000028       0xb0 ./MCAL/GPIO/GPIO.o
 .debug_aranges
                0x00000000000000d8       0x48 ./MCAL/NVIC/NVIC.o
 .debug_aranges
                0x0000000000000120       0xc0 ./MCAL/RCC/RCC.o
 .debug_aranges
                0x00000000000001e0       0x20 ./MCAL/SCB/SCB.o
 .debug_aranges
                0x0000000000000200       0x70 ./MCAL/SYSTICK/SYSTICK.o
 .debug_aranges
                0x0000000000000270       0x98 ./MCAL/UART/USART.o
 .debug_aranges
                0x0000000000000308       0x28 ./Startup/startup_stm32f429zitx.o

.debug_rnglists
                0x0000000000000000      0x253
 .debug_rnglists
                0x0000000000000000       0x19 ./APP/main.o
 .debug_rnglists
                0x0000000000000019       0x84 ./MCAL/GPIO/GPIO.o
 .debug_rnglists
                0x000000000000009d       0x32 ./MCAL/NVIC/NVIC.o
 .debug_rnglists
                0x00000000000000cf       0x93 ./MCAL/RCC/RCC.o
 .debug_rnglists
                0x0000000000000162       0x13 ./MCAL/SCB/SCB.o
 .debug_rnglists
                0x0000000000000175       0x52 ./MCAL/SYSTICK/SYSTICK.o
 .debug_rnglists
                0x00000000000001c7       0x73 ./MCAL/UART/USART.o
 .debug_rnglists
                0x000000000000023a       0x19 ./Startup/startup_stm32f429zitx.o

.debug_macro    0x0000000000000000     0x1bb2
 .debug_macro   0x0000000000000000       0x98 ./APP/main.o
 .debug_macro   0x0000000000000098      0xab4 ./APP/main.o
 .debug_macro   0x0000000000000b4c       0xee ./APP/main.o
 .debug_macro   0x0000000000000c3a       0x9a ./APP/main.o
 .debug_macro   0x0000000000000cd4       0x22 ./APP/main.o
 .debug_macro   0x0000000000000cf6       0x10 ./APP/main.o
 .debug_macro   0x0000000000000d06      0x370 ./APP/main.o
 .debug_macro   0x0000000000001076      0x118 ./APP/main.o
 .debug_macro   0x000000000000118e       0x5a ./MCAL/GPIO/GPIO.o
 .debug_macro   0x00000000000011e8      0x340 ./MCAL/GPIO/GPIO.o
 .debug_macro   0x0000000000001528       0xa2 ./MCAL/GPIO/GPIO.o
 .debug_macro   0x00000000000015ca       0x52 ./MCAL/NVIC/NVIC.o
 .debug_macro   0x000000000000161c      0x100 ./MCAL/NVIC/NVIC.o
 .debug_macro   0x000000000000171c       0x51 ./MCAL/RCC/RCC.o
 .debug_macro   0x000000000000176d      0x13b ./MCAL/RCC/RCC.o
 .debug_macro   0x00000000000018a8       0x10 ./MCAL/RCC/RCC.o
 .debug_macro   0x00000000000018b8       0x48 ./MCAL/SCB/SCB.o
 .debug_macro   0x0000000000001900       0x88 ./MCAL/SCB/SCB.o
 .debug_macro   0x0000000000001988       0x8a ./MCAL/SYSTICK/SYSTICK.o
 .debug_macro   0x0000000000001a12       0x34 ./MCAL/SYSTICK/SYSTICK.o
 .debug_macro   0x0000000000001a46       0x10 ./MCAL/SYSTICK/SYSTICK.o
 .debug_macro   0x0000000000001a56       0x5c ./MCAL/UART/USART.o
 .debug_macro   0x0000000000001ab2      0x100 ./MCAL/UART/USART.o

.debug_line     0x0000000000000000     0x1834
 .debug_line    0x0000000000000000      0x1e3 ./APP/main.o
 .debug_line    0x00000000000001e3      0x5d6 ./MCAL/GPIO/GPIO.o
 .debug_line    0x00000000000007b9      0x1d6 ./MCAL/NVIC/NVIC.o
 .debug_line    0x000000000000098f      0x5df ./MCAL/RCC/RCC.o
 .debug_line    0x0000000000000f6e       0xc5 ./MCAL/SCB/SCB.o
 .debug_line    0x0000000000001033      0x2d8 ./MCAL/SYSTICK/SYSTICK.o
 .debug_line    0x000000000000130b      0x4ae ./MCAL/UART/USART.o
 .debug_line    0x00000000000017b9       0x7b ./Startup/startup_stm32f429zitx.o

.debug_str      0x0000000000000000     0xf08c
 .debug_str     0x0000000000000000     0x6c2a ./APP/main.o
                                       0x6cae (size before relaxing)
 .debug_str     0x0000000000006c2a     0x446e ./MCAL/GPIO/GPIO.o
                                       0x8b91 (size before relaxing)
 .debug_str     0x000000000000b098      0x906 ./MCAL/NVIC/NVIC.o
                                       0x4d97 (size before relaxing)
 .debug_str     0x000000000000b99e     0x1a7b ./MCAL/RCC/RCC.o
                                       0x6684 (size before relaxing)
 .debug_str     0x000000000000d419      0x3f5 ./MCAL/SCB/SCB.o
                                       0x40cd (size before relaxing)
 .debug_str     0x000000000000d80e      0x5bd ./MCAL/SYSTICK/SYSTICK.o
                                       0x3efa (size before relaxing)
 .debug_str     0x000000000000ddcb     0x1292 ./MCAL/UART/USART.o
                                       0x56a5 (size before relaxing)
 .debug_str     0x000000000000f05d       0x2f ./Startup/startup_stm32f429zitx.o
                                         0x83 (size before relaxing)

.debug_frame    0x0000000000000000      0xdf0
 .debug_frame   0x0000000000000000       0x50 ./APP/main.o
 .debug_frame   0x0000000000000050      0x2f0 ./MCAL/GPIO/GPIO.o
 .debug_frame   0x0000000000000340      0x100 ./MCAL/NVIC/NVIC.o
 .debug_frame   0x0000000000000440      0x360 ./MCAL/RCC/RCC.o
 .debug_frame   0x00000000000007a0       0x38 ./MCAL/SCB/SCB.o
 .debug_frame   0x00000000000007d8      0x1b4 ./MCAL/SYSTICK/SYSTICK.o
 .debug_frame   0x000000000000098c      0x28c ./MCAL/UART/USART.o
 .debug_frame   0x0000000000000c18       0x2c /opt/st/stm32cubeide_1.13.2_2/plugins/com.st.stm32cube.ide.mcu.externaltools.gnu-tools-for-stm32.11.3.rel1.linux64_1.1.1.202309131626/tools/bin/../lib/gcc/arm-none-eabi/11.3.1/../../../../arm-none-eabi/lib/thumb/v7e-m+fp/hard/libc_nano.a(libc_a-init.o)
 .debug_frame   0x0000000000000c44       0xac /opt/st/stm32cubeide_1.13.2_2/plugins/com.st.stm32cube.ide.mcu.externaltools.gnu-tools-for-stm32.11.3.rel1.linux64_1.1.1.202309131626/tools/bin/../lib/gcc/arm-none-eabi/11.3.1/thumb/v7e-m+fp/hard/libgcc.a(_arm_addsubdf3.o)
 .debug_frame   0x0000000000000cf0       0x50 /opt/st/stm32cubeide_1.13.2_2/plugins/com.st.stm32cube.ide.mcu.externaltools.gnu-tools-for-stm32.11.3.rel1.linux64_1.1.1.202309131626/tools/bin/../lib/gcc/arm-none-eabi/11.3.1/thumb/v7e-m+fp/hard/libgcc.a(_arm_muldivdf3.o)
 .debug_frame   0x0000000000000d40       0x2c /opt/st/stm32cubeide_1.13.2_2/plugins/com.st.stm32cube.ide.mcu.externaltools.gnu-tools-for-stm32.11.3.rel1.linux64_1.1.1.202309131626/tools/bin/../lib/gcc/arm-none-eabi/11.3.1/thumb/v7e-m+fp/hard/libgcc.a(_aeabi_uldivmod.o)
 .debug_frame   0x0000000000000d6c       0x2c /opt/st/stm32cubeide_1.13.2_2/plugins/com.st.stm32cube.ide.mcu.externaltools.gnu-tools-for-stm32.11.3.rel1.linux64_1.1.1.202309131626/tools/bin/../lib/gcc/arm-none-eabi/11.3.1/thumb/v7e-m+fp/hard/libgcc.a(_fixunsdfdi.o)
 .debug_frame   0x0000000000000d98       0x34 /opt/st/stm32cubeide_1.13.2_2/plugins/com.st.stm32cube.ide.mcu.externaltools.gnu-tools-for-stm32.11.3.rel1.linux64_1.1.1.202309131626/tools/bin/../lib/gcc/arm-none-eabi/11.3.1/thumb/v7e-m+fp/hard/libgcc.a(_udivmoddi4.o)
 .debug_frame   0x0000000000000dcc       0x24 /opt/st/stm32cubeide_1.13.2_2/plugins/com.st.stm32cube.ide.mcu.externaltools.gnu-tools-for-stm32.11.3.rel1.linux64_1.1.1.202309131626/tools/bin/../lib/gcc/arm-none-eabi/11.3.1/thumb/v7e-m+fp/hard/libgcc.a(_arm_fixunsdfsi.o)

.debug_line_str
                0x0000000000000000       0x77
 .debug_line_str
                0x0000000000000000       0x77 ./Startup/startup_stm32f429zitx.o
                                         0x8f (size before relaxing)
