../MCAL/RCC/RCC.c:43:21:Rcc_enuSetHsiTrimValue	24	static
../MCAL/RCC/RCC.c:52:21:Rcc_enuEnableClockSecutiy	16	static
../MCAL/RCC/RCC.c:60:21:Rcc_enuDisableClockSecutiy	16	static
../MCAL/RCC/RCC.c:70:21:Rcc_enuEnableClock	24	static
../MCAL/RCC/RCC.c:122:21:Rcc_enuDisableClock	24	static
../MCAL/RCC/RCC.c:159:21:Rcc_enuConfigPLL	80	static
../MCAL/RCC/RCC.c:186:21:Rcc_enuInitMCO2	24	static
../MCAL/RCC/RCC.c:194:21:Rcc_enuInitMCO1	24	static
../MCAL/RCC/RCC.c:203:21:Rcc_enuSelectAPB2Prescaler	24	static
../MCAL/RCC/RCC.c:209:21:Rcc_enuSelectAPB1Prescaler	24	static
../MCAL/RCC/RCC.c:215:21:Rcc_enuSelectAHBPrescaler	32	static
../MCAL/RCC/RCC.c:224:21:Rcc_enuSelectSystemClkSource	24	static
../MCAL/RCC/RCC.c:241:21:Rcc_enuGetSystemClkSource	24	static
../MCAL/RCC/RCC.c:253:21:Rcc_enuEnablePeripheralClk	24	static
../MCAL/RCC/RCC.c:265:21:Rcc_enuDisablePeripheralClk	24	static
../MCAL/RCC/RCC.c:277:21:Rcc_enuResetPeripheral	24	static,ignoring_inline_asm
../MCAL/RCC/RCC.c:295:21:Rcc_enuEnablePeripheralClkInLowPowerMode	24	static
../MCAL/RCC/RCC.c:306:21:Rcc_enuDisablePeripheralClkInLowPowerMode	24	static
../MCAL/RCC/RCC.c:319:21:Rcc_enuConfigPLLI2S	24	static
../MCAL/RCC/RCC.c:337:21:Rcc_enuConfigPLLSAI	24	static
../MCAL/RCC/RCC.c:366:21:Rcc_enuInit	24	static
