../MCAL/RCC/RCC.c:45:21:Rcc_enuSetHsiTrimValue	24	static
../MCAL/RCC/RCC.c:54:21:Rcc_enuEnableClockSecutiy	16	static
../MCAL/RCC/RCC.c:62:21:Rcc_enuDisableClockSecutiy	16	static
../MCAL/RCC/RCC.c:72:21:Rcc_enuEnableClock	24	static
../MCAL/RCC/RCC.c:124:21:Rcc_enuDisableClock	24	static
../MCAL/RCC/RCC.c:161:21:Rcc_enuConfigPLL	80	static
../MCAL/RCC/RCC.c:188:21:Rcc_enuInitMCO2	24	static
../MCAL/RCC/RCC.c:196:21:Rcc_enuInitMCO1	24	static
../MCAL/RCC/RCC.c:205:21:Rcc_enuSelectAPB2Prescaler	32	static
../MCAL/RCC/RCC.c:212:21:Rcc_enuSelectAPB1Prescaler	32	static
../MCAL/RCC/RCC.c:221:21:Rcc_enuSelectAHBPrescaler	32	static
../MCAL/RCC/RCC.c:230:21:Rcc_enuSelectSystemClkSource	24	static
../MCAL/RCC/RCC.c:249:21:Rcc_enuGetSystemClkSource	24	static
../MCAL/RCC/RCC.c:261:21:Rcc_enuEnablePeripheralClk	24	static
../MCAL/RCC/RCC.c:273:21:Rcc_enuDisablePeripheralClk	24	static
../MCAL/RCC/RCC.c:285:21:Rcc_enuResetPeripheral	24	static,ignoring_inline_asm
../MCAL/RCC/RCC.c:303:21:Rcc_enuEnablePeripheralClkInLowPowerMode	24	static
../MCAL/RCC/RCC.c:314:21:Rcc_enuDisablePeripheralClkInLowPowerMode	24	static
../MCAL/RCC/RCC.c:327:21:Rcc_enuConfigPLLI2S	24	static
../MCAL/RCC/RCC.c:345:21:Rcc_enuConfigPLLSAI	24	static
../MCAL/RCC/RCC.c:374:21:Rcc_enuInit	24	static
