../MCAL/RCC/RCC.c:35:21:Rcc_enuSetHsiTrimValue	24	static
../MCAL/RCC/RCC.c:44:21:Rcc_enuEnableClockSecutiy	16	static
../MCAL/RCC/RCC.c:52:21:Rcc_enuDisableClockSecutiy	16	static
../MCAL/RCC/RCC.c:62:21:Rcc_enuEnableClock	24	static
../MCAL/RCC/RCC.c:114:21:Rcc_enuDisableClock	24	static
../MCAL/RCC/RCC.c:151:21:Rcc_enuConfigPLL	24	static
../MCAL/RCC/RCC.c:168:21:Rcc_enuInitMCO2	24	static
../MCAL/RCC/RCC.c:176:21:Rcc_enuInitMCO1	24	static
../MCAL/RCC/RCC.c:185:21:Rcc_enuSelectAPB2Prescaler	24	static
../MCAL/RCC/RCC.c:191:21:Rcc_enuSelectAPB1Prescaler	24	static
../MCAL/RCC/RCC.c:197:21:Rcc_enuSelectAHBPrescaler	24	static
../MCAL/RCC/RCC.c:204:21:Rcc_enuSelectSystemClkSource	24	static
../MCAL/RCC/RCC.c:211:21:Rcc_enuGetSystemClkSource	24	static
../MCAL/RCC/RCC.c:223:21:Rcc_enuEnablePeripheralClk	24	static
../MCAL/RCC/RCC.c:235:21:Rcc_enuDisablePeripheralClk	24	static
../MCAL/RCC/RCC.c:247:21:Rcc_enuResetPeripheral	24	static,ignoring_inline_asm
../MCAL/RCC/RCC.c:265:21:Rcc_enuEnablePeripheralClkInLowPowerMode	24	static
../MCAL/RCC/RCC.c:276:21:Rcc_enuDisablePeripheralClkInLowPowerMode	24	static
../MCAL/RCC/RCC.c:289:21:Rcc_enuConfigPLLI2S	24	static
../MCAL/RCC/RCC.c:307:21:Rcc_enuConfigPLLSAI	24	static
../MCAL/RCC/RCC.c:336:21:Rcc_enuInit	24	static
