../MCAL/GPIO/GPIO.c:39:22:Gpio_enuInit	16	static
../MCAL/GPIO/GPIO.c:208:22:Gpio_eniInitPin	24	static
../MCAL/GPIO/GPIO.c:239:22:Gpio_enuWriteChannel	24	static
../MCAL/GPIO/GPIO.c:260:22:Gpio_enuReadChannel	24	static
../MCAL/GPIO/GPIO.c:281:23:Gpio_enuWritePort	24	static
../MCAL/GPIO/GPIO.c:297:23:Gpio_enuReadPort	24	static
../MCAL/GPIO/GPIO.c:315:23:Gpio_enuFlipChannel	24	static
../MCAL/GPIO/GPIO.c:333:23:Gpio_enuChangePinSpeed	24	static
../MCAL/GPIO/GPIO.c:350:23:Gpio_enuChangePinPullupPulldown	24	static
../MCAL/GPIO/GPIO.c:368:22:Gpio_enuSetPinChannelAtomic	24	static
../MCAL/GPIO/GPIO.c:385:22:Gpio_enuClearPinChannelAtomic	24	static
../MCAL/GPIO/GPIO.c:403:22:Gpio_enuSetAF	24	static
../MCAL/GPIO/GPIO.c:430:22:Gpio_enuEnableLockPinRegister	24	static
../MCAL/GPIO/GPIO.c:467:22:Gpio_enuEnableClockGIPOx	24	static
../MCAL/GPIO/GPIO.c:484:22:Gpio_enuDisableClockGIPOx	24	static
../MCAL/GPIO/GPIO.c:500:22:Gpio_enuEnableClockAllGPIOs	16	static
../MCAL/GPIO/GPIO.c:520:22:Gpio_enuEnableClockGIPOxInLowPowerMode	24	static
../MCAL/GPIO/GPIO.c:537:22:Gpio_enuDisableClockGIPOxInLowPowerMode	24	static
../MCAL/GPIO/GPIO.c:553:22:Gpio_enuEnableClockAllGPIOsInLowPowerMode	16	static
