../MCAL/FLASH_DRIVER/FLASH_DRIVER.c:43:23:Flash_enuInit	16	static
../MCAL/FLASH_DRIVER/FLASH_DRIVER.c:55:23:Flash_enuLock	16	static
../MCAL/FLASH_DRIVER/FLASH_DRIVER.c:65:23:Flash_enuUnlock	16	static
../MCAL/FLASH_DRIVER/FLASH_DRIVER.c:76:23:Flash_enuWriteWordAt_Sync	24	static
../MCAL/FLASH_DRIVER/FLASH_DRIVER.c:100:23:Flash_enuReadWordAt_Sync	24	static
../MCAL/FLASH_DRIVER/FLASH_DRIVER.c:117:23:Flash_enuEraseSectorAt_Sync	24	static
../MCAL/FLASH_DRIVER/FLASH_DRIVER.c:144:23:Flash_enuWriteProtectionForSectorx_Sync	24	static
../MCAL/FLASH_DRIVER/FLASH_DRIVER.c:178:23:Flash_enuRemoveWriteProtectionForSectorx_Sync	24	static
../MCAL/FLASH_DRIVER/FLASH_DRIVER.c:208:23:Flash_enuLockOptionByte	16	static
../MCAL/FLASH_DRIVER/FLASH_DRIVER.c:219:23:Flash_enuUnlockOptionByte	16	static
../MCAL/FLASH_DRIVER/FLASH_DRIVER.c:239:23:Flash_enuEnableWriteProtectionErrorInterrupt	16	static
../MCAL/FLASH_DRIVER/FLASH_DRIVER.c:247:23:Flash_enuDisableWriteProtectionErrorInterrupt	16	static
../MCAL/FLASH_DRIVER/FLASH_DRIVER.c:255:23:Flash_enuSetCallbackWriteProtectionErrorInterruptFunction	24	static
../MCAL/FLASH_DRIVER/FLASH_DRIVER.c:268:23:Flash_enuEnableProgramAlignmentErrorInterrupt	16	static
../MCAL/FLASH_DRIVER/FLASH_DRIVER.c:276:23:Flash_enuDisableProgramAlignmentErrorInterrupt	16	static
../MCAL/FLASH_DRIVER/FLASH_DRIVER.c:284:23:Flash_enuSetCallbackProgramAlignmentErrorInterruptFunction	24	static
../MCAL/FLASH_DRIVER/FLASH_DRIVER.c:298:23:Flash_enuEnableProgramParallelismErrorInterrupt	16	static
../MCAL/FLASH_DRIVER/FLASH_DRIVER.c:306:23:Flash_enuDisableProgramParallelismErrorInterrupt	16	static
../MCAL/FLASH_DRIVER/FLASH_DRIVER.c:314:23:Flash_enuSetCallbackProgramParallelismErrorInterruptFunction	24	static
../MCAL/FLASH_DRIVER/FLASH_DRIVER.c:328:23:Flash_enuEnableProgramSequanceErrorInterrupt	16	static
../MCAL/FLASH_DRIVER/FLASH_DRIVER.c:336:23:Flash_enuDisableProgramSequanceErrorInterrupt	16	static
../MCAL/FLASH_DRIVER/FLASH_DRIVER.c:345:23:Flash_enuSetCallbackProgramSequanceErrorInterruptFunction	24	static
../MCAL/FLASH_DRIVER/FLASH_DRIVER.c:358:23:Flash_enuEnableEndOfOperationInterrupt	16	static
../MCAL/FLASH_DRIVER/FLASH_DRIVER.c:365:23:Flash_enuDisableEndOfOperationInterrupt	16	static
../MCAL/FLASH_DRIVER/FLASH_DRIVER.c:373:23:Flash_enuSetCallbackEndOfOperationInterruptFunction	24	static
../MCAL/FLASH_DRIVER/FLASH_DRIVER.c:388:23:Flash_enuEnablePrefetch	16	static
../MCAL/FLASH_DRIVER/FLASH_DRIVER.c:395:23:Flash_enuDisablePrefetch	16	static
../MCAL/FLASH_DRIVER/FLASH_DRIVER.c:403:23:Flash_enuEnableInstructionCache	16	static
../MCAL/FLASH_DRIVER/FLASH_DRIVER.c:410:23:Flash_enuDisableInstructionCache	16	static
../MCAL/FLASH_DRIVER/FLASH_DRIVER.c:419:23:Flash_enuEnableDataCache	16	static
../MCAL/FLASH_DRIVER/FLASH_DRIVER.c:426:23:Flash_enuDisableDataCache	16	static
../MCAL/FLASH_DRIVER/FLASH_DRIVER.c:434:23:Flash_enuResetDataCache	16	static
../MCAL/FLASH_DRIVER/FLASH_DRIVER.c:441:23:Flash_enuResetInstructionCache	16	static
../MCAL/FLASH_DRIVER/FLASH_DRIVER.c:450:23:Flash_enuIsProgramAlignmentErrorHappended	24	static
../MCAL/FLASH_DRIVER/FLASH_DRIVER.c:467:23:Flash_enuIsProgramParallelismErrorHappended	24	static
../MCAL/FLASH_DRIVER/FLASH_DRIVER.c:484:23:Flash_enuIsProgramSequenceErrorHappended	24	static
../MCAL/FLASH_DRIVER/FLASH_DRIVER.c:501:23:Flash_enuIsWriteProtoectionErrorHappended	24	static
../MCAL/FLASH_DRIVER/FLASH_DRIVER.c:524:6:FLASH_IRQHandler	8	static
