13:50:44 **** Incremental Build of configuration Debug for project STM32F429 ****
make -j20 all 
arm-none-eabi-size   STM32F429.elf 
   text	   data	    bss	    dec	    hex	filename
   9580	    480	   1616	  11676	   2d9c	STM32F429.elf
Finished building: default.size.stdout
 
13:50:46 **** Incremental Build of configuration Debug for project STM32F429 ****
make -j20 all 
arm-none-eabi-size   STM32F429.elf 
   text	   data	    bss	    dec	    hex	filename
   9580	    480	   1616	  11676	   2d9c	STM32F429.elf
Finished building: default.size.stdout
 
